<html>
<body>
<pre>
<h1>µVision Build Log</h1>
<h2>Tool Versions:</h2>
IDE-Version: ¦ÌVision V5.25.2.0
Copyright (C) 2018 ARM Ltd and ARM Germany GmbH. All rights reserved.
License Information: f USER, f, LIC=IC9UH-WWW0H-WIM5K-Z4C4S-3CTLW-UEJ2X
 
Tool Versions:
Toolchain:       MDK-ARM Professional  Version: 5.25.2.0
Toolchain Path:  D:\Program Files (x86)\Keil_v5\ARM\ARMCC\Bin
C Compiler:      Armcc.exe V5.06 update 6 (build 750)
Assembler:       Armasm.exe V5.06 update 6 (build 750)
Linker/Locator:  ArmLink.exe V5.06 update 6 (build 750)
Library Manager: ArmAr.exe V5.06 update 6 (build 750)
Hex Converter:   FromElf.exe V5.06 update 6 (build 750)
CPU DLL:         SARMCM3.DLL V5.25.2.0
Dialog DLL:      DCM.DLL V1.17.1.0
Target DLL:      STLink\ST-LINKIII-KEIL_SWO.dll V3.0.1.0
Dialog DLL:      TCM.DLL V1.35.1.0
 
<h2>Project:</h2>
E:\OneDrive\10.ÆäËû\Temp_Control\Smart_Window\STM32F103C8T6_WBR3\USER\Wifi-DEMO.uvprojx
Project File Date:  02/04/2021

<h2>Output:</h2>
*** Using Compiler 'V5.06 update 6 (build 750)', folder: 'D:\Program Files (x86)\Keil_v5\ARM\ARMCC\Bin'
Build target 'Wifi-DEMO'
compiling stm32f10x_it.c...
compiling main.c...
assembling startup_stm32f10x_hd.s...
compiling Time_test.c...
compiling key.c...
compiling led.c...
compiling stm32f10x_rcc.c...
compiling stm32f10x_usart.c...
compiling stm32f10x_gpio.c...
compiling stm32f10x_exti.c...
compiling stm32f10x_tim.c...
compiling core_cm3.c...
compiling stm32f10x_adc.c...
compiling mcu_api.c...
compiling system_stm32f10x.c...
compiling system.c...
compiling protocol.c...
compiling usart2.c...
compiling misc.c...
compiling usart3.c...
compiling i2c.c...
compiling Is_AQM.c...
compiling delay.c...
compiling sys.c...
compiling Motor.c...
compiling usart.c...
linking...
Program Size: Code=21372 RO-data=516 RW-data=112 ZI-data=5496  
"..\Output\STM32-DEMO.axf" - 0 Error(s), 0 Warning(s).

<h2>Software Packages used:</h2>

Package Vendor: Keil
                http://www.keil.com/pack/Keil.STM32F1xx_DFP.2.0.0.pack
                Keil.STM32F1xx_DFP.2.0.0
                STMicroelectronics STM32F1 Series Device Support, Drivers and Examples

<h2>Collection of Component include folders:</h2>
  .\RTE\_Wifi-DEMO
  D:\Program Files (x86)\Keil_v5\ARM\PACK\Keil\STM32F1xx_DFP\2.0.0\Device\Include

<h2>Collection of Component Files used:</h2>
Build Time Elapsed:  00:00:17
</pre>
</body>
</html>
