Component: ARM Compiler 5.06 update 6 (build 750) Tool: armlink [4d35ed]

==============================================================================

Section Cross References

    startup_stm32f10x_hd.o(RESET) refers to startup_stm32f10x_hd.o(STACK) for __initial_sp
    startup_stm32f10x_hd.o(RESET) refers to startup_stm32f10x_hd.o(.text) for Reset_Handler
    startup_stm32f10x_hd.o(RESET) refers to stm32f10x_it.o(.text) for NMI_Handler
    startup_stm32f10x_hd.o(RESET) refers to usart.o(.text) for USART1_IRQHandler
    startup_stm32f10x_hd.o(RESET) refers to usart2.o(.text) for USART2_IRQHandler
    startup_stm32f10x_hd.o(RESET) refers to usart3.o(.text) for USART3_IRQHandler
    startup_stm32f10x_hd.o(.text) refers to system_stm32f10x.o(.text) for SystemInit
    startup_stm32f10x_hd.o(.text) refers to entry.o(.ARM.Collect$$$$00000000) for __main
    main.o(.text) refers to motor.o(.text) for Hand_Motor_Contrl
    main.o(.text) refers to delay.o(.text) for delay_ms
    main.o(.text) refers to printfa.o(i.__0printf) for __2printf
    main.o(.text) refers to key.o(.text) for KEY_Scan
    main.o(.text) refers to mcu_api.o(.text) for mcu_reset_wifi
    main.o(.text) refers to system_stm32f10x.o(.text) for SystemInit
    main.o(.text) refers to led.o(.text) for LED_GPIO_Config
    main.o(.text) refers to usart.o(.text) for uart1_init
    main.o(.text) refers to usart2.o(.text) for Usart2_Init
    main.o(.text) refers to usart3.o(.text) for Usart3_Init
    main.o(.text) refers to main.o(.data) for In_place_state
    main.o(.text) refers to key.o(.data) for rst_cnt
    main.o(.text) refers to protocol.o(.bss) for FlashBuffer
    main.o(.text) refers to is_aqm.o(.text) for Is_AQM_Init
    main.o(.text) refers to time_test.o(.text) for TIM2_NVIC_Configuration
    main.o(.text) refers to stm32f10x_gpio.o(.text) for GPIO_ReadInputDataBit
    main.o(.text) refers to main.o(.conststring) for .conststring
    stm32f10x_it.o(.text) refers to stm32f10x_tim.o(.text) for TIM_GetITStatus
    stm32f10x_it.o(.text) refers to main.o(.data) for time_cnt
    stm32f10x_it.o(.text) refers to key.o(.data) for rst_cnt
    key.o(.text) refers to stm32f10x_rcc.o(.text) for RCC_APB2PeriphClockCmd
    key.o(.text) refers to stm32f10x_gpio.o(.text) for GPIO_PinRemapConfig
    key.o(.text) refers to delay.o(.text) for delay_ms
    key.o(.text) refers to key.o(.data) for key_up
    led.o(.text) refers to stm32f10x_rcc.o(.text) for RCC_APB2PeriphClockCmd
    led.o(.text) refers to stm32f10x_gpio.o(.text) for GPIO_Init
    time_test.o(.text) refers to misc.o(.text) for NVIC_PriorityGroupConfig
    time_test.o(.text) refers to stm32f10x_rcc.o(.text) for RCC_APB1PeriphClockCmd
    time_test.o(.text) refers to stm32f10x_tim.o(.text) for TIM_DeInit
    stm32f10x_rcc.o(.text) refers to stm32f10x_rcc.o(.data) for APBAHBPrescTable
    stm32f10x_gpio.o(.text) refers to stm32f10x_rcc.o(.text) for RCC_APB2PeriphResetCmd
    stm32f10x_usart.o(.text) refers to stm32f10x_rcc.o(.text) for RCC_APB2PeriphResetCmd
    stm32f10x_tim.o(.text) refers to stm32f10x_rcc.o(.text) for RCC_APB2PeriphResetCmd
    stm32f10x_adc.o(.text) refers to stm32f10x_rcc.o(.text) for RCC_APB2PeriphResetCmd
    system_stm32f10x.o(.text) refers to system_stm32f10x.o(.data) for SystemCoreClock
    mcu_api.o(.text) refers to system.o(.text) for set_wifi_uart_byte
    mcu_api.o(.text) refers to system.o(.data) for stop_update_flag
    mcu_api.o(.text) refers to system.o(.bss) for wifi_uart_rx_buf
    mcu_api.o(.text) refers to mcu_api.o(.data) for rx_in
    protocol.o(.text) refers to usart2.o(.text) for UART2_SendByte
    protocol.o(.text) refers to mcu_api.o(.text) for mcu_dp_enum_update
    protocol.o(.text) refers to main.o(.text) for Open_Window
    protocol.o(.text) refers to printfa.o(i.__0printf) for __2printf
    protocol.o(.text) refers to protocol.o(.bss) for FlashBuffer
    system.o(.text) refers to mcu_api.o(.text) for my_memcpy
    system.o(.text) refers to protocol.o(.text) for uart_transmit_output
    system.o(.text) refers to system.o(.bss) for wifi_uart_tx_buf
    system.o(.text) refers to system.o(.data) for mcu_reset_state
    system.o(.text) refers to protocol.o(.constdata) for download_cmd
    usart2.o(.text) refers to misc.o(.text) for NVIC_PriorityGroupConfig
    usart2.o(.text) refers to stm32f10x_rcc.o(.text) for RCC_APB1PeriphClockCmd
    usart2.o(.text) refers to stm32f10x_usart.o(.text) for USART_DeInit
    usart2.o(.text) refers to stm32f10x_gpio.o(.text) for GPIO_Init
    usart2.o(.text) refers to printfa.o(i.__0vsprintf) for vsprintf
    usart2.o(.text) refers to strlen.o(.text) for strlen
    usart2.o(.text) refers to mcu_api.o(.text) for uart_receive_input
    usart2.o(.text) refers to usart2.o(.bss) for USART2_TxBuff
    usart3.o(.text) refers to misc.o(.text) for NVIC_PriorityGroupConfig
    usart3.o(.text) refers to stm32f10x_rcc.o(.text) for RCC_APB1PeriphClockCmd
    usart3.o(.text) refers to stm32f10x_usart.o(.text) for USART_DeInit
[...]
    printf6.o(i.__0fprintf$6) refers to printf6.o(i._printf_core) for _printf_core
    printf6.o(i.__0fprintf$6) refers to usart.o(.text) for fputc
    printf6.o(i.__0printf$6) refers to printf6.o(i._printf_core) for _printf_core
    printf6.o(i.__0printf$6) refers to usart.o(.text) for fputc
    printf6.o(i.__0printf$6) refers to usart.o(.data) for __stdout
    printf6.o(i.__0snprintf$6) refers to printf6.o(i._printf_core) for _printf_core
    printf6.o(i.__0snprintf$6) refers to printf6.o(i._snputc) for _snputc
    printf6.o(i.__0sprintf$6) refers to printf6.o(i._printf_core) for _printf_core
    printf6.o(i.__0sprintf$6) refers to printf6.o(i._sputc) for _sputc
    printf6.o(i.__0vfprintf$6) refers to printf6.o(i._printf_core) for _printf_core
    printf6.o(i.__0vfprintf$6) refers to usart.o(.text) for fputc
    printf6.o(i.__0vprintf$6) refers to printf6.o(i._printf_core) for _printf_core
    printf6.o(i.__0vprintf$6) refers to usart.o(.text) for fputc
    printf6.o(i.__0vprintf$6) refers to usart.o(.data) for __stdout
    printf6.o(i.__0vsnprintf$6) refers to printf6.o(i._printf_core) for _printf_core
    printf6.o(i.__0vsnprintf$6) refers to printf6.o(i._snputc) for _snputc
    printf6.o(i.__0vsprintf$6) refers to printf6.o(i._printf_core) for _printf_core
    printf6.o(i.__0vsprintf$6) refers to printf6.o(i._sputc) for _sputc
    printf6.o(i._printf_core) refers to printf6.o(i._printf_pre_padding) for _printf_pre_padding
    printf6.o(i._printf_core) refers to uidiv.o(.text) for __aeabi_uidivmod
    printf6.o(i._printf_core) refers to printf6.o(i._printf_post_padding) for _printf_post_padding
    printf7.o(i.__0fprintf$7) refers to printf7.o(i._printf_core) for _printf_core
    printf7.o(i.__0fprintf$7) refers to usart.o(.text) for fputc
    printf7.o(i.__0printf$7) refers to printf7.o(i._printf_core) for _printf_core
    printf7.o(i.__0printf$7) refers to usart.o(.text) for fputc
    printf7.o(i.__0printf$7) refers to usart.o(.data) for __stdout
    printf7.o(i.__0snprintf$7) refers to printf7.o(i._printf_core) for _printf_core
    printf7.o(i.__0snprintf$7) refers to printf7.o(i._snputc) for _snputc
    printf7.o(i.__0sprintf$7) refers to printf7.o(i._printf_core) for _printf_core
    printf7.o(i.__0sprintf$7) refers to printf7.o(i._sputc) for _sputc
    printf7.o(i.__0vfprintf$7) refers to printf7.o(i._printf_core) for _printf_core
    printf7.o(i.__0vfprintf$7) refers to usart.o(.text) for fputc
    printf7.o(i.__0vprintf$7) refers to printf7.o(i._printf_core) for _printf_core
    printf7.o(i.__0vprintf$7) refers to usart.o(.text) for fputc
    printf7.o(i.__0vprintf$7) refers to usart.o(.data) for __stdout
    printf7.o(i.__0vsnprintf$7) refers to printf7.o(i._printf_core) for _printf_core
    printf7.o(i.__0vsnprintf$7) refers to printf7.o(i._snputc) for _snputc
    printf7.o(i.__0vsprintf$7) refers to printf7.o(i._printf_core) for _printf_core
    printf7.o(i.__0vsprintf$7) refers to printf7.o(i._sputc) for _sputc
    printf7.o(i._printf_core) refers to printf7.o(i._printf_pre_padding) for _printf_pre_padding
    printf7.o(i._printf_core) refers to uldiv.o(.text) for __aeabi_uldivmod
    printf7.o(i._printf_core) refers to printf7.o(i._printf_post_padding) for _printf_post_padding
    printf8.o(i.__0fprintf$8) refers to printf8.o(i._printf_core) for _printf_core
    printf8.o(i.__0fprintf$8) refers to usart.o(.text) for fputc
    printf8.o(i.__0printf$8) refers to printf8.o(i._printf_core) for _printf_core
    printf8.o(i.__0printf$8) refers to usart.o(.text) for fputc
    printf8.o(i.__0printf$8) refers to usart.o(.data) for __stdout
    printf8.o(i.__0snprintf$8) refers to printf8.o(i._printf_core) for _printf_core
    printf8.o(i.__0snprintf$8) refers to printf8.o(i._snputc) for _snputc
    printf8.o(i.__0sprintf$8) refers to printf8.o(i._printf_core) for _printf_core
    printf8.o(i.__0sprintf$8) refers to printf8.o(i._sputc) for _sputc
    printf8.o(i.__0vfprintf$8) refers to printf8.o(i._printf_core) for _printf_core
    printf8.o(i.__0vfprintf$8) refers to usart.o(.text) for fputc
    printf8.o(i.__0vprintf$8) refers to printf8.o(i._printf_core) for _printf_core
    printf8.o(i.__0vprintf$8) refers to usart.o(.text) for fputc
    printf8.o(i.__0vprintf$8) refers to usart.o(.data) for __stdout
    printf8.o(i.__0vsnprintf$8) refers to printf8.o(i._printf_core) for _printf_core
    printf8.o(i.__0vsnprintf$8) refers to printf8.o(i._snputc) for _snputc
    printf8.o(i.__0vsprintf$8) refers to printf8.o(i._printf_core) for _printf_core
    printf8.o(i.__0vsprintf$8) refers to printf8.o(i._sputc) for _sputc
    printf8.o(i._printf_core) refers to printf8.o(i._printf_pre_padding) for _printf_pre_padding
    printf8.o(i._printf_core) refers to uldiv.o(.text) for __aeabi_uldivmod
    printf8.o(i._printf_core) refers to printf8.o(i._printf_post_padding) for _printf_post_padding
    printfa.o(i.__0fprintf) refers (Special) to iusefp.o(.text) for __I$use$fp
    printfa.o(i.__0fprintf) refers to printfa.o(i._printf_core) for _printf_core
    printfa.o(i.__0fprintf) refers to usart.o(.text) for fputc
    printfa.o(i.__0printf) refers (Special) to iusefp.o(.text) for __I$use$fp
    printfa.o(i.__0printf) refers to printfa.o(i._printf_core) for _printf_core
    printfa.o(i.__0printf) refers to usart.o(.text) for fputc
    printfa.o(i.__0printf) refers to usart.o(.data) for __stdout
    printfa.o(i.__0snprintf) refers (Special) to iusefp.o(.text) for __I$use$fp
    printfa.o(i.__0snprintf) refers to printfa.o(i._printf_core) for _printf_core
    printfa.o(i.__0snprintf) refers to printfa.o(i._snputc) for _snputc
    printfa.o(i.__0sprintf) refers (Special) to iusefp.o(.text) for __I$use$fp
    printfa.o(i.__0sprintf) refers to printfa.o(i._printf_core) for _printf_core
    printfa.o(i.__0sprintf) refers to printfa.o(i._sputc) for _sputc
    printfa.o(i.__0vfprintf) refers (Special) to iusefp.o(.text) for __I$use$fp
    printfa.o(i.__0vfprintf) refers to printfa.o(i._printf_core) for _printf_core
    printfa.o(i.__0vfprintf) refers to usart.o(.text) for fputc
    printfa.o(i.__0vprintf) refers (Special) to iusefp.o(.text) for __I$use$fp
    printfa.o(i.__0vprintf) refers to printfa.o(i._printf_core) for _printf_core
    printfa.o(i.__0vprintf) refers to usart.o(.text) for fputc
    printfa.o(i.__0vprintf) refers to usart.o(.data) for __stdout
    printfa.o(i.__0vsnprintf) refers (Special) to iusefp.o(.text) for __I$use$fp
    printfa.o(i.__0vsnprintf) refers to printfa.o(i._printf_core) for _printf_core
    printfa.o(i.__0vsnprintf) refers to printfa.o(i._snputc) for _snputc
    printfa.o(i.__0vsprintf) refers (Special) to iusefp.o(.text) for __I$use$fp
    printfa.o(i.__0vsprintf) refers to printfa.o(i._printf_core) for _printf_core
    printfa.o(i.__0vsprintf) refers to printfa.o(i._sputc) for _sputc
    printfa.o(i._fp_digits) refers (Special) to iusefp.o(.text) for __I$use$fp
    printfa.o(i._fp_digits) refers to dmul.o(.text) for __aeabi_dmul
    printfa.o(i._fp_digits) refers to ddiv.o(.text) for __aeabi_ddiv
    printfa.o(i._fp_digits) refers to cdrcmple.o(.text) for __aeabi_cdrcmple
    printfa.o(i._fp_digits) refers to dadd.o(.text) for __aeabi_dadd
    printfa.o(i._fp_digits) refers to dfixul.o(.text) for __aeabi_d2ulz
    printfa.o(i._fp_digits) refers to uldiv.o(.text) for __aeabi_uldivmod
    printfa.o(i._printf_core) refers (Special) to iusefp.o(.text) for __I$use$fp
    printfa.o(i._printf_core) refers to printfa.o(i._printf_pre_padding) for _printf_pre_padding
    printfa.o(i._printf_core) refers to uldiv.o(.text) for __aeabi_uldivmod
    printfa.o(i._printf_core) refers to printfa.o(i._printf_post_padding) for _printf_post_padding
    printfa.o(i._printf_core) refers to printfa.o(i._fp_digits) for _fp_digits
    printfa.o(i._printf_core) refers to uidiv.o(.text) for __aeabi_uidivmod
    printfa.o(i._printf_post_padding) refers (Special) to iusefp.o(.text) for __I$use$fp
    printfa.o(i._printf_pre_padding) refers (Special) to iusefp.o(.text) for __I$use$fp
    printfa.o(i._snputc) refers (Special) to iusefp.o(.text) for __I$use$fp
    printfa.o(i._sputc) refers (Special) to iusefp.o(.text) for __I$use$fp
    fdiv.o(.text) refers (Special) to iusefp.o(.text) for __I$use$fp
    fdiv.o(.text) refers to fepilogue.o(.text) for _float_round
    fflti.o(.text) refers (Special) to iusefp.o(.text) for __I$use$fp
    fflti.o(.text) refers to fepilogue.o(.text) for _float_epilogue
    ffixi.o(.text) refers (Special) to iusefp.o(.text) for __I$use$fp
    ffixui.o(.text) refers (Special) to iusefp.o(.text) for __I$use$fp
    entry2.o(.ARM.Collect$$$$00000001) refers to entry2.o(.ARM.Collect$$$$00002712) for __lit__00000000
    entry2.o(.ARM.Collect$$$$00002712) refers to startup_stm32f10x_hd.o(STACK) for __initial_sp
    entry2.o(__vectab_stack_and_reset_area) refers to startup_stm32f10x_hd.o(STACK) for __initial_sp
    entry2.o(__vectab_stack_and_reset_area) refers to entry.o(.ARM.Collect$$$$00000000) for __main
    entry5.o(.ARM.Collect$$$$00000004) refers to init.o(.text) for __scatterload
    entry9a.o(.ARM.Collect$$$$0000000B) refers to main.o(.text) for main
    entry9b.o(.ARM.Collect$$$$0000000C) refers to main.o(.text) for main
    uldiv.o(.text) refers to llushr.o(.text) for __aeabi_llsr
    uldiv.o(.text) refers to llshl.o(.text) for __aeabi_llsl
    dadd.o(.text) refers to llshl.o(.text) for __aeabi_llsl
    dadd.o(.text) refers to llsshr.o(.text) for __aeabi_lasr
    dadd.o(.text) refers to depilogue.o(.text) for _double_epilogue
    dmul.o(.text) refers to depilogue.o(.text) for _double_epilogue
    ddiv.o(.text) refers to depilogue.o(.text) for _double_round
    dfixul.o(.text) refers to llushr.o(.text) for __aeabi_llsr
    dfixul.o(.text) refers to llshl.o(.text) for __aeabi_llsl
    init.o(.text) refers to entry5.o(.ARM.Collect$$$$00000004) for __main_after_scatterload
    depilogue.o(.text) refers to llshl.o(.text) for __aeabi_llsl
    depilogue.o(.text) refers to llushr.o(.text) for __aeabi_llsr


==============================================================================

Removing Unused input sections from the image.

    Removing startup_stm32f10x_hd.o(HEAP), (512 bytes).
    Removing stm32f10x_exti.o(.text), (284 bytes).
    Removing core_cm3.o(.emb_text), (32 bytes).
    Removing usart2.o(.data), (8 bytes).
    Removing sys.o(.emb_text), (6 bytes).
    Removing sys.o(.text), (12 bytes).

6 unused section(s) (total 854 bytes) removed from the image.

==============================================================================

Image Symbol Table

    Local Symbols

    Symbol Name                              Value     Ov Type        Size  Object(Section)

    ../clib/microlib/division.c              0x00000000   Number         0  uidiv.o ABSOLUTE
    ../clib/microlib/division.c              0x00000000   Number         0  uldiv.o ABSOLUTE
    ../clib/microlib/init/entry.s            0x00000000   Number         0  entry7b.o ABSOLUTE
    ../clib/microlib/init/entry.s            0x00000000   Number         0  entry9a.o ABSOLUTE
    ../clib/microlib/init/entry.s            0x00000000   Number         0  entry8b.o ABSOLUTE
    ../clib/microlib/init/entry.s            0x00000000   Number         0  entry11b.o ABSOLUTE
    ../clib/microlib/init/entry.s            0x00000000   Number         0  entry7a.o ABSOLUTE
    ../clib/microlib/init/entry.s            0x00000000   Number         0  entry8a.o ABSOLUTE
    ../clib/microlib/init/entry.s            0x00000000   Number         0  entry5.o ABSOLUTE
    ../clib/microlib/init/entry.s            0x00000000   Number         0  entry9b.o ABSOLUTE
    ../clib/microlib/init/entry.s            0x00000000   Number         0  entry10a.o ABSOLUTE
    ../clib/microlib/init/entry.s            0x00000000   Number         0  entry10b.o ABSOLUTE
    ../clib/microlib/init/entry.s            0x00000000   Number         0  entry11a.o ABSOLUTE
    ../clib/microlib/init/entry.s            0x00000000   Number         0  entry2.o ABSOLUTE
    ../clib/microlib/init/entry.s            0x00000000   Number         0  entry.o ABSOLUTE
    ../clib/microlib/longlong.c              0x00000000   Number         0  llshl.o ABSOLUTE
    ../clib/microlib/longlong.c              0x00000000   Number         0  llsshr.o ABSOLUTE
    ../clib/microlib/longlong.c              0x00000000   Number         0  llushr.o ABSOLUTE
    ../clib/microlib/printf/printf.c         0x00000000   Number         0  printf4.o ABSOLUTE
    ../clib/microlib/printf/printf.c         0x00000000   Number         0  printf5.o ABSOLUTE
    ../clib/microlib/printf/printf.c         0x00000000   Number         0  printf7.o ABSOLUTE
    ../clib/microlib/printf/printf.c         0x00000000   Number         0  printf2.o ABSOLUTE
    ../clib/microlib/printf/printf.c         0x00000000   Number         0  printfa.o ABSOLUTE
    ../clib/microlib/printf/printf.c         0x00000000   Number         0  printf8.o ABSOLUTE
    ../clib/microlib/printf/printf.c         0x00000000   Number         0  printf6.o ABSOLUTE
    ../clib/microlib/printf/printf.c         0x00000000   Number         0  printf3.o ABSOLUTE
    ../clib/microlib/printf/printf.c         0x00000000   Number         0  printfb.o ABSOLUTE
    ../clib/microlib/printf/printf.c         0x00000000   Number         0  printf0.o ABSOLUTE
    ../clib/microlib/printf/printf.c         0x00000000   Number         0  printf1.o ABSOLUTE
    ../clib/microlib/printf/stubs.s          0x00000000   Number         0  stubs.o ABSOLUTE
    ../clib/microlib/string/strlen.c         0x00000000   Number         0  strlen.o ABSOLUTE
    ../clib/microlib/stubs.s                 0x00000000   Number         0  useno.o ABSOLUTE
    ../clib/microlib/stubs.s                 0x00000000   Number         0  iusefp.o ABSOLUTE
    ../fplib/microlib/fpadd.c                0x00000000   Number         0  dadd.o ABSOLUTE
    ../fplib/microlib/fpdiv.c                0x00000000   Number         0  ddiv.o ABSOLUTE
    ../fplib/microlib/fpdiv.c                0x00000000   Number         0  fdiv.o ABSOLUTE
    ../fplib/microlib/fpepilogue.c           0x00000000   Number         0  fepilogue.o ABSOLUTE
    ../fplib/microlib/fpepilogue.c           0x00000000   Number         0  depilogue.o ABSOLUTE
    ../fplib/microlib/fpfix.c                0x00000000   Number         0  dfixul.o ABSOLUTE
    ../fplib/microlib/fpfix.c                0x00000000   Number         0  ffixi.o ABSOLUTE
    ../fplib/microlib/fpfix.c                0x00000000   Number         0  ffixui.o ABSOLUTE
    ../fplib/microlib/fpflt.c                0x00000000   Number         0  fflti.o ABSOLUTE
    ../fplib/microlib/fpmul.c                0x00000000   Number         0  dmul.o ABSOLUTE
    ..\CMSIS\core_cm3.c                      0x00000000   Number         0  core_cm3.o ABSOLUTE
    ..\CMSIS\startup\startup_stm32f10x_hd.s  0x00000000   Number         0  startup_stm32f10x_hd.o ABSOLUTE
    ..\CMSIS\system_stm32f10x.c              0x00000000   Number         0  system_stm32f10x.o ABSOLUTE
    ..\FWlib\src\misc.c                      0x00000000   Number         0  misc.o ABSOLUTE
    ..\FWlib\src\stm32f10x_adc.c             0x00000000   Number         0  stm32f10x_adc.o ABSOLUTE
    ..\FWlib\src\stm32f10x_exti.c            0x00000000   Number         0  stm32f10x_exti.o ABSOLUTE
    ..\FWlib\src\stm32f10x_gpio.c            0x00000000   Number         0  stm32f10x_gpio.o ABSOLUTE
    ..\FWlib\src\stm32f10x_rcc.c             0x00000000   Number         0  stm32f10x_rcc.o ABSOLUTE
    ..\FWlib\src\stm32f10x_tim.c             0x00000000   Number         0  stm32f10x_tim.o ABSOLUTE
    ..\FWlib\src\stm32f10x_usart.c           0x00000000   Number         0  stm32f10x_usart.o ABSOLUTE
    ..\HardWare\IIC\i2c.c                    0x00000000   Number         0  i2c.o ABSOLUTE
    ..\HardWare\Is_AQM\Is_AQM.c              0x00000000   Number         0  is_aqm.o ABSOLUTE
    ..\HardWare\Motor\Motor.c                0x00000000   Number         0  motor.o ABSOLUTE
    ..\HardWare\Uart2_Wifi\usart2.c          0x00000000   Number         0  usart2.o ABSOLUTE
    ..\HardWare\Uart3_PM2.5\usart3.c         0x00000000   Number         0  usart3.o ABSOLUTE
    ..\SYSTEM\delay\delay.c                  0x00000000   Number         0  delay.o ABSOLUTE
    ..\SYSTEM\sys\sys.c                      0x00000000   Number         0  sys.o ABSOLUTE
    ..\SYSTEM\usart\usart.c                  0x00000000   Number         0  usart.o ABSOLUTE
    ..\\CMSIS\\core_cm3.c                    0x00000000   Number         0  core_cm3.o ABSOLUTE
    ..\\SYSTEM\\sys\\sys.c                   0x00000000   Number         0  sys.o ABSOLUTE
    ..\mcu_sdk\mcu_api.c                     0x00000000   Number         0  mcu_api.o ABSOLUTE
    ..\mcu_sdk\protocol.c                    0x00000000   Number         0  protocol.o ABSOLUTE
    ..\mcu_sdk\system.c                      0x00000000   Number         0  system.o ABSOLUTE
    Time_test.c                              0x00000000   Number         0  time_test.o ABSOLUTE
    cdrcmple.s                               0x00000000   Number         0  cdrcmple.o ABSOLUTE
    dc.s                                     0x00000000   Number         0  dc.o ABSOLUTE
    handlers.s                               0x00000000   Number         0  handlers.o ABSOLUTE
    init.s                                   0x00000000   Number         0  init.o ABSOLUTE
    key.c                                    0x00000000   Number         0  key.o ABSOLUTE
    led.c                                    0x00000000   Number         0  led.o ABSOLUTE
    main.c                                   0x00000000   Number         0  main.o ABSOLUTE
    stm32f10x_it.c                           0x00000000   Number         0  stm32f10x_it.o ABSOLUTE
    RESET                                    0x08000000   Section      304  startup_stm32f10x_hd.o(RESET)
    .ARM.Collect$$$$00000000                 0x08000130   Section        0  entry.o(.ARM.Collect$$$$00000000)
    .ARM.Collect$$$$00000001                 0x08000130   Section        4  entry2.o(.ARM.Collect$$$$00000001)
    .ARM.Collect$$$$00000004                 0x08000134   Section        4  entry5.o(.ARM.Collect$$$$00000004)
    .ARM.Collect$$$$00000008                 0x08000138   Section        0  entry7b.o(.ARM.Collect$$$$00000008)
    .ARM.Collect$$$$0000000A                 0x08000138   Section        0  entry8b.o(.ARM.Collect$$$$0000000A)
    .ARM.Collect$$$$0000000B                 0x08000138   Section        8  entry9a.o(.ARM.Collect$$$$0000000B)
    .ARM.Collect$$$$0000000D                 0x08000140   Section        0  entry10a.o(.ARM.Collect$$$$0000000D)
    .ARM.Collect$$$$0000000F                 0x08000140   Section        0  entry11a.o(.ARM.Collect$$$$0000000F)
    .ARM.Collect$$$$00002712                 0x08000140   Section        4  entry2.o(.ARM.Collect$$$$00002712)
    __lit__00000000                          0x08000140   Data           4  entry2.o(.ARM.Collect$$$$00002712)
    .text                                    0x08000144   Section       36  startup_stm32f10x_hd.o(.text)
    .text                                    0x08000168   Section        0  main.o(.text)
    wifi_work_state_led                      0x0800040f   Thumb Code   310  main.o(.text)
    .text                                    0x08000850   Section        0  stm32f10x_it.o(.text)
    .text                                    0x080008e8   Section        0  key.o(.text)
    .text                                    0x08000ac4   Section        0  led.o(.text)
    .text                                    0x08000b18   Section        0  time_test.o(.text)
    .text                                    0x08000bac   Section        0  stm32f10x_rcc.o(.text)
    .text                                    0x08000f50   Section        0  stm32f10x_gpio.o(.text)
    .text                                    0x080012ac   Section        0  stm32f10x_usart.o(.text)
    .text                                    0x080016b4   Section        0  misc.o(.text)
    .text                                    0x08001790   Section        0  stm32f10x_tim.o(.text)
    TI4_Config                               0x08001c37   Thumb Code   130  stm32f10x_tim.o(.text)
    TI3_Config                               0x08001ccb   Thumb Code   122  stm32f10x_tim.o(.text)
    TI2_Config                               0x08001d5f   Thumb Code   130  stm32f10x_tim.o(.text)
    TI1_Config                               0x08001df3   Thumb Code   108  stm32f10x_tim.o(.text)
    .text                                    0x080025ac   Section        0  stm32f10x_adc.o(.text)
    .text                                    0x080029fc   Section        0  system_stm32f10x.o(.text)
    SetSysClockTo72                          0x080029fd   Thumb Code   214  system_stm32f10x.o(.text)
    SetSysClock                              0x08002ad3   Thumb Code     8  system_stm32f10x.o(.text)
    .text                                    0x08002bdc   Section        0  mcu_api.o(.text)
    .text                                    0x080031fc   Section        0  protocol.o(.text)
    dp_download_control_handle               0x0800322d   Thumb Code    68  protocol.o(.text)
    dp_download_close_reminder_handle        0x08003271   Thumb Code    40  protocol.o(.text)
    dp_download_charge_state_handle          0x08003299   Thumb Code    40  protocol.o(.text)
    dp_download_anti_theft_handle            0x080032c1   Thumb Code    40  protocol.o(.text)
    dp_download_percent_control_handle       0x080032e9   Thumb Code    40  protocol.o(.text)
    dp_download_mode_handle                  0x08003311   Thumb Code    56  protocol.o(.text)
    dp_download_auto_power_handle            0x08003349   Thumb Code    40  protocol.o(.text)
    dp_download_countdown_set_handle         0x08003371   Thumb Code    68  protocol.o(.text)
    dp_download_speed_enum_handle            0x080033b5   Thumb Code    62  protocol.o(.text)
    dp_download_calibration_handle           0x080033f3   Thumb Code    40  protocol.o(.text)
    dp_download_work_mode_handle             0x0800341b   Thumb Code    62  protocol.o(.text)
    dp_download_open_mode_handle             0x08003459   Thumb Code    62  protocol.o(.text)
    dp_download_delay_time_handle            0x08003497   Thumb Code    40  protocol.o(.text)
    dp_download_switch_door_win_handle       0x080034bf   Thumb Code   126  protocol.o(.text)
    dp_download_switch_sensor_handle         0x0800353d   Thumb Code    40  protocol.o(.text)
    dp_download_switch_anti_pinch_handle     0x08003565   Thumb Code    40  protocol.o(.text)
    dp_download_anti_pinch_strength_handle   0x0800358d   Thumb Code    68  protocol.o(.text)
    .text                                    0x08003720   Section        0  system.o(.text)
    wifi_uart_write_data                     0x0800376b   Thumb Code    36  system.o(.text)
    heat_beat_check                          0x080037db   Thumb Code    50  system.o(.text)
    product_info_update                      0x0800380d   Thumb Code   156  system.o(.text)
    get_mcu_wifi_mode                        0x080038a9   Thumb Code    16  system.o(.text)
    get_dowmload_dpid_index                  0x080038b9   Thumb Code    40  system.o(.text)
    data_point_handle                        0x080038e1   Thumb Code    70  system.o(.text)
    .text                                    0x08003aa0   Section        0  usart2.o(.text)
    .text                                    0x08003c1c   Section        0  usart3.o(.text)
    .text                                    0x08003e0c   Section        0  i2c.o(.text)
    .text                                    0x08004034   Section        0  is_aqm.o(.text)
    .text                                    0x08004168   Section        0  motor.o(.text)
    .text                                    0x08004320   Section        0  delay.o(.text)
    .text                                    0x080043ac   Section        0  usart.o(.text)
    .text                                    0x080044e8   Section        0  strlen.o(.text)
    .text                                    0x080044f6   Section        0  fdiv.o(.text)
    .text                                    0x08004572   Section        0  fflti.o(.text)
    .text                                    0x08004584   Section        0  ffixi.o(.text)
    .text                                    0x080045b6   Section        0  ffixui.o(.text)
    .text                                    0x080045de   Section        0  uidiv.o(.text)
    .text                                    0x0800460a   Section        0  uldiv.o(.text)
    .text                                    0x0800466c   Section        0  fepilogue.o(.text)
    .text                                    0x0800466c   Section        0  iusefp.o(.text)
    .text                                    0x080046da   Section        0  dadd.o(.text)
    .text                                    0x08004828   Section        0  dmul.o(.text)
    .text                                    0x0800490c   Section        0  ddiv.o(.text)
    .text                                    0x080049ea   Section        0  dfixul.o(.text)
    .text                                    0x08004a1c   Section       48  cdrcmple.o(.text)
    .text                                    0x08004a4c   Section       36  init.o(.text)
    .text                                    0x08004a70   Section        0  llshl.o(.text)
    .text                                    0x08004a8e   Section        0  llushr.o(.text)
    .text                                    0x08004aae   Section        0  llsshr.o(.text)
    .text                                    0x08004ad2   Section        0  depilogue.o(.text)
    i.__0printf                              0x08004b8c   Section        0  printfa.o(i.__0printf)
    i.__0vsprintf                            0x08004bac   Section        0  printfa.o(i.__0vsprintf)
    i.__scatterload_copy                     0x08004bd0   Section       14  handlers.o(i.__scatterload_copy)
    i.__scatterload_null                     0x08004bde   Section        2  handlers.o(i.__scatterload_null)
    i.__scatterload_zeroinit                 0x08004be0   Section       14  handlers.o(i.__scatterload_zeroinit)
    i._fp_digits                             0x08004bf0   Section        0  printfa.o(i._fp_digits)
    _fp_digits                               0x08004bf1   Thumb Code   366  printfa.o(i._fp_digits)
    i._printf_core                           0x08004d74   Section        0  printfa.o(i._printf_core)
    _printf_core                             0x08004d75   Thumb Code  1744  printfa.o(i._printf_core)
    i._printf_post_padding                   0x08005450   Section        0  printfa.o(i._printf_post_padding)
    _printf_post_padding                     0x08005451   Thumb Code    36  printfa.o(i._printf_post_padding)
    i._printf_pre_padding                    0x08005474   Section        0  printfa.o(i._printf_pre_padding)
    _printf_pre_padding                      0x08005475   Thumb Code    46  printfa.o(i._printf_pre_padding)
    i._sputc                                 0x080054a2   Section        0  printfa.o(i._sputc)
    _sputc                                   0x080054a3   Thumb Code    10  printfa.o(i._sputc)
    .constdata                               0x080054ac   Section       52  protocol.o(.constdata)
    .conststring                             0x080054e0   Section      125  main.o(.conststring)
    .data                                    0x20000000   Section       24  main.o(.data)
    In_place_state                           0x2000000e   Data           1  main.o(.data)
    .data                                    0x20000018   Section        5  key.o(.data)
    key_up                                   0x2000001c   Data           1  key.o(.data)
    .data                                    0x2000001d   Section       20  stm32f10x_rcc.o(.data)
    APBAHBPrescTable                         0x2000001d   Data          16  stm32f10x_rcc.o(.data)
    ADCPrescTable                            0x2000002d   Data           4  stm32f10x_rcc.o(.data)
    .data                                    0x20000034   Section       20  system_stm32f10x.o(.data)
    .data                                    0x20000048   Section        2  mcu_api.o(.data)
    rx_in                                    0x20000048   Data           2  mcu_api.o(.data)
    .data                                    0x2000004c   Section       13  system.o(.data)
    mcu_reset_state                          0x20000058   Data           1  system.o(.data)
    .data                                    0x2000005c   Section        8  usart3.o(.data)
    .data                                    0x20000064   Section        1  delay.o(.data)
    fac_us                                   0x20000064   Data           1  delay.o(.data)
    .data                                    0x20000068   Section        6  usart.o(.data)
    .bss                                     0x20000070   Section       12  protocol.o(.bss)
    .bss                                     0x2000007c   Section      109  system.o(.bss)
    .bss                                     0x200000f0   Section     2048  usart2.o(.bss)
    .bss                                     0x200008f0   Section     2058  usart3.o(.bss)
    .bss                                     0x200010fc   Section       32  is_aqm.o(.bss)
    data                                     0x200010fc   Data          13  is_aqm.o(.bss)
    .bss                                     0x2000111c   Section      200  usart.o(.bss)
    STACK                                    0x200011e8   Section     1024  startup_stm32f10x_hd.o(STACK)

    Global Symbols

    Symbol Name                              Value     Ov Type        Size  Object(Section)

    BuildAttributes$$THM_ISAv4$P$D$K$B$S$PE$A:L22UL41UL21$X:L11$S22US41US21$IEEE1$IW$USESV6$~STKCKD$USESV7$~SHL$OTIME$ROPI$EBA8$MICROLIB$REQ8$PRES8$EABIv2 0x00000000   Number         0  anon$$obj.o ABSOLUTE
    __ARM_use_no_argv                        0x00000000   Number         0  main.o ABSOLUTE
    __use_no_errno                           0x00000000   Number         0  useno.o ABSOLUTE
    __use_no_exception_handling              0x00000000   Number         0  useno.o ABSOLUTE
    __use_no_fp                              0x00000000   Number         0  useno.o ABSOLUTE
    __use_no_heap                            0x00000000   Number         0  useno.o ABSOLUTE
    __use_no_heap_region                     0x00000000   Number         0  useno.o ABSOLUTE
    __use_no_semihosting                     0x00000000   Number         0  useno.o ABSOLUTE
    __use_no_semihosting_swi                 0x00000000   Number         0  useno.o ABSOLUTE
    __use_no_signal_handling                 0x00000000   Number         0  useno.o ABSOLUTE
    _printf_a                                0x00000000   Number         0  stubs.o ABSOLUTE
    _printf_c                                0x00000000   Number         0  stubs.o ABSOLUTE
    _printf_charcount                        0x00000000   Number         0  stubs.o ABSOLUTE
    _printf_d                                0x00000000   Number         0  stubs.o ABSOLUTE
    _printf_e                                0x00000000   Number         0  stubs.o ABSOLUTE
    _printf_f                                0x00000000   Number         0  stubs.o ABSOLUTE
    _printf_flags                            0x00000000   Number         0  stubs.o ABSOLUTE
    _printf_fp_dec                           0x00000000   Number         0  stubs.o ABSOLUTE
    _printf_fp_hex                           0x00000000   Number         0  stubs.o ABSOLUTE
    _printf_g                                0x00000000   Number         0  stubs.o ABSOLUTE
    _printf_i                                0x00000000   Number         0  stubs.o ABSOLUTE
    _printf_int_dec                          0x00000000   Number         0  stubs.o ABSOLUTE
    _printf_l                                0x00000000   Number         0  stubs.o ABSOLUTE
    _printf_lc                               0x00000000   Number         0  stubs.o ABSOLUTE
    _printf_ll                               0x00000000   Number         0  stubs.o ABSOLUTE
    _printf_lld                              0x00000000   Number         0  stubs.o ABSOLUTE
    _printf_lli                              0x00000000   Number         0  stubs.o ABSOLUTE
    _printf_llo                              0x00000000   Number         0  stubs.o ABSOLUTE
    _printf_llu                              0x00000000   Number         0  stubs.o ABSOLUTE
    _printf_llx                              0x00000000   Number         0  stubs.o ABSOLUTE
    _printf_longlong_dec                     0x00000000   Number         0  stubs.o ABSOLUTE
    _printf_longlong_hex                     0x00000000   Number         0  stubs.o ABSOLUTE
    _printf_longlong_oct                     0x00000000   Number         0  stubs.o ABSOLUTE
    _printf_ls                               0x00000000   Number         0  stubs.o ABSOLUTE
    _printf_mbtowc                           0x00000000   Number         0  stubs.o ABSOLUTE
    _printf_n                                0x00000000   Number         0  stubs.o ABSOLUTE
    _printf_o                                0x00000000   Number         0  stubs.o ABSOLUTE
    _printf_p                                0x00000000   Number         0  stubs.o ABSOLUTE
    _printf_percent                          0x00000000   Number         0  stubs.o ABSOLUTE
    _printf_pre_padding                      0x00000000   Number         0  stubs.o ABSOLUTE
    _printf_return_value                     0x00000000   Number         0  stubs.o ABSOLUTE
    _printf_s                                0x00000000   Number         0  stubs.o ABSOLUTE
    _printf_sizespec                         0x00000000   Number         0  stubs.o ABSOLUTE
    _printf_str                              0x00000000   Number         0  stubs.o ABSOLUTE
    _printf_truncate_signed                  0x00000000   Number         0  stubs.o ABSOLUTE
    _printf_truncate_unsigned                0x00000000   Number         0  stubs.o ABSOLUTE
    _printf_u                                0x00000000   Number         0  stubs.o ABSOLUTE
    _printf_wc                               0x00000000   Number         0  stubs.o ABSOLUTE
    _printf_wctomb                           0x00000000   Number         0  stubs.o ABSOLUTE
    _printf_widthprec                        0x00000000   Number         0  stubs.o ABSOLUTE
    _printf_x                                0x00000000   Number         0  stubs.o ABSOLUTE
    __cpp_initialize__aeabi_                  - Undefined Weak Reference
    __cxa_finalize                            - Undefined Weak Reference
    __decompress                              - Undefined Weak Reference
    _clock_init                               - Undefined Weak Reference
    _microlib_exit                            - Undefined Weak Reference
    __Vectors_Size                           0x00000130   Number         0  startup_stm32f10x_hd.o ABSOLUTE
    __Vectors                                0x08000000   Data           4  startup_stm32f10x_hd.o(RESET)
    __Vectors_End                            0x08000130   Data           0  startup_stm32f10x_hd.o(RESET)
    __main                                   0x08000131   Thumb Code     0  entry.o(.ARM.Collect$$$$00000000)
    _main_stk                                0x08000131   Thumb Code     0  entry2.o(.ARM.Collect$$$$00000001)
    _main_scatterload                        0x08000135   Thumb Code     0  entry5.o(.ARM.Collect$$$$00000004)
    __main_after_scatterload                 0x08000139   Thumb Code     0  entry5.o(.ARM.Collect$$$$00000004)
    _main_clock                              0x08000139   Thumb Code     0  entry7b.o(.ARM.Collect$$$$00000008)
    _main_cpp_init                           0x08000139   Thumb Code     0  entry8b.o(.ARM.Collect$$$$0000000A)
    _main_init                               0x08000139   Thumb Code     0  entry9a.o(.ARM.Collect$$$$0000000B)
    __rt_final_cpp                           0x08000141   Thumb Code     0  entry10a.o(.ARM.Collect$$$$0000000D)
    __rt_final_exit                          0x08000141   Thumb Code     0  entry11a.o(.ARM.Collect$$$$0000000F)
    Reset_Handler                            0x08000145   Thumb Code     8  startup_stm32f10x_hd.o(.text)
    ADC1_2_IRQHandler                        0x0800015f   Thumb Code     0  startup_stm32f10x_hd.o(.text)
    ADC3_IRQHandler                          0x0800015f   Thumb Code     0  startup_stm32f10x_hd.o(.text)
    CAN1_RX1_IRQHandler                      0x0800015f   Thumb Code     0  startup_stm32f10x_hd.o(.text)
    CAN1_SCE_IRQHandler                      0x0800015f   Thumb Code     0  startup_stm32f10x_hd.o(.text)
    DMA1_Channel1_IRQHandler                 0x0800015f   Thumb Code     0  startup_stm32f10x_hd.o(.text)
    DMA1_Channel2_IRQHandler                 0x0800015f   Thumb Code     0  startup_stm32f10x_hd.o(.text)
    DMA1_Channel3_IRQHandler                 0x0800015f   Thumb Code     0  startup_stm32f10x_hd.o(.text)
    DMA1_Channel4_IRQHandler                 0x0800015f   Thumb Code     0  startup_stm32f10x_hd.o(.text)
    DMA1_Channel5_IRQHandler                 0x0800015f   Thumb Code     0  startup_stm32f10x_hd.o(.text)
    DMA1_Channel6_IRQHandler                 0x0800015f   Thumb Code     0  startup_stm32f10x_hd.o(.text)
    DMA1_Channel7_IRQHandler                 0x0800015f   Thumb Code     0  startup_stm32f10x_hd.o(.text)
    DMA2_Channel1_IRQHandler                 0x0800015f   Thumb Code     0  startup_stm32f10x_hd.o(.text)
    DMA2_Channel2_IRQHandler                 0x0800015f   Thumb Code     0  startup_stm32f10x_hd.o(.text)
    DMA2_Channel3_IRQHandler                 0x0800015f   Thumb Code     0  startup_stm32f10x_hd.o(.text)
    DMA2_Channel4_5_IRQHandler               0x0800015f   Thumb Code     0  startup_stm32f10x_hd.o(.text)
    EXTI0_IRQHandler                         0x0800015f   Thumb Code     0  startup_stm32f10x_hd.o(.text)
    EXTI1_IRQHandler                         0x0800015f   Thumb Code     0  startup_stm32f10x_hd.o(.text)
    EXTI2_IRQHandler                         0x0800015f   Thumb Code     0  startup_stm32f10x_hd.o(.text)
    EXTI3_IRQHandler                         0x0800015f   Thumb Code     0  startup_stm32f10x_hd.o(.text)
    EXTI4_IRQHandler                         0x0800015f   Thumb Code     0  startup_stm32f10x_hd.o(.text)
    EXTI9_5_IRQHandler                       0x0800015f   Thumb Code     0  startup_stm32f10x_hd.o(.text)
    FLASH_IRQHandler                         0x0800015f   Thumb Code     0  startup_stm32f10x_hd.o(.text)
    FSMC_IRQHandler                          0x0800015f   Thumb Code     0  startup_stm32f10x_hd.o(.text)
    I2C1_ER_IRQHandler                       0x0800015f   Thumb Code     0  startup_stm32f10x_hd.o(.text)
    I2C1_EV_IRQHandler                       0x0800015f   Thumb Code     0  startup_stm32f10x_hd.o(.text)
    I2C2_ER_IRQHandler                       0x0800015f   Thumb Code     0  startup_stm32f10x_hd.o(.text)
    I2C2_EV_IRQHandler                       0x0800015f   Thumb Code     0  startup_stm32f10x_hd.o(.text)
    PVD_IRQHandler                           0x0800015f   Thumb Code     0  startup_stm32f10x_hd.o(.text)
    RCC_IRQHandler                           0x0800015f   Thumb Code     0  startup_stm32f10x_hd.o(.text)
    RTCAlarm_IRQHandler                      0x0800015f   Thumb Code     0  startup_stm32f10x_hd.o(.text)
    RTC_IRQHandler                           0x0800015f   Thumb Code     0  startup_stm32f10x_hd.o(.text)
    SDIO_IRQHandler                          0x0800015f   Thumb Code     0  startup_stm32f10x_hd.o(.text)
    SPI1_IRQHandler                          0x0800015f   Thumb Code     0  startup_stm32f10x_hd.o(.text)
    SPI2_IRQHandler                          0x0800015f   Thumb Code     0  startup_stm32f10x_hd.o(.text)
    SPI3_IRQHandler                          0x0800015f   Thumb Code     0  startup_stm32f10x_hd.o(.text)
    TAMPER_IRQHandler                        0x0800015f   Thumb Code     0  startup_stm32f10x_hd.o(.text)
    TIM1_BRK_IRQHandler                      0x0800015f   Thumb Code     0  startup_stm32f10x_hd.o(.text)
    TIM1_CC_IRQHandler                       0x0800015f   Thumb Code     0  startup_stm32f10x_hd.o(.text)
    TIM1_TRG_COM_IRQHandler                  0x0800015f   Thumb Code     0  startup_stm32f10x_hd.o(.text)
    TIM1_UP_IRQHandler                       0x0800015f   Thumb Code     0  startup_stm32f10x_hd.o(.text)
    TIM3_IRQHandler                          0x0800015f   Thumb Code     0  startup_stm32f10x_hd.o(.text)
    TIM4_IRQHandler                          0x0800015f   Thumb Code     0  startup_stm32f10x_hd.o(.text)
    TIM5_IRQHandler                          0x0800015f   Thumb Code     0  startup_stm32f10x_hd.o(.text)
    TIM6_IRQHandler                          0x0800015f   Thumb Code     0  startup_stm32f10x_hd.o(.text)
    TIM7_IRQHandler                          0x0800015f   Thumb Code     0  startup_stm32f10x_hd.o(.text)
    TIM8_BRK_IRQHandler                      0x0800015f   Thumb Code     0  startup_stm32f10x_hd.o(.text)
    TIM8_CC_IRQHandler                       0x0800015f   Thumb Code     0  startup_stm32f10x_hd.o(.text)
    TIM8_TRG_COM_IRQHandler                  0x0800015f   Thumb Code     0  startup_stm32f10x_hd.o(.text)
    TIM8_UP_IRQHandler                       0x0800015f   Thumb Code     0  startup_stm32f10x_hd.o(.text)
    UART4_IRQHandler                         0x0800015f   Thumb Code     0  startup_stm32f10x_hd.o(.text)
    UART5_IRQHandler                         0x0800015f   Thumb Code     0  startup_stm32f10x_hd.o(.text)
    USBWakeUp_IRQHandler                     0x0800015f   Thumb Code     0  startup_stm32f10x_hd.o(.text)
    USB_HP_CAN1_TX_IRQHandler                0x0800015f   Thumb Code     0  startup_stm32f10x_hd.o(.text)
    USB_LP_CAN1_RX0_IRQHandler               0x0800015f   Thumb Code     0  startup_stm32f10x_hd.o(.text)
    WWDG_IRQHandler                          0x0800015f   Thumb Code     0  startup_stm32f10x_hd.o(.text)
    Open_Window                              0x08000169   Thumb Code   102  main.o(.text)
    Window_current_handle                    0x080001cf   Thumb Code   248  main.o(.text)
    Auto_Test                                0x080002c7   Thumb Code   140  main.o(.text)
    key_proces                               0x08000353   Thumb Code   188  main.o(.text)
    main                                     0x08000545   Thumb Code   676  main.o(.text)
    NMI_Handler                              0x08000851   Thumb Code     2  stm32f10x_it.o(.text)
    HardFault_Handler                        0x08000853   Thumb Code     4  stm32f10x_it.o(.text)
    MemManage_Handler                        0x08000857   Thumb Code     4  stm32f10x_it.o(.text)
    BusFault_Handler                         0x0800085b   Thumb Code     4  stm32f10x_it.o(.text)
    TIM2_IRQHandler                          0x0800085f   Thumb Code   112  stm32f10x_it.o(.text)
    UsageFault_Handler                       0x080008cf   Thumb Code     4  stm32f10x_it.o(.text)
    SVC_Handler                              0x080008d3   Thumb Code     2  stm32f10x_it.o(.text)
    DebugMon_Handler                         0x080008d5   Thumb Code     2  stm32f10x_it.o(.text)
    PendSV_Handler                           0x080008d7   Thumb Code     2  stm32f10x_it.o(.text)
    SysTick_Handler                          0x080008d9   Thumb Code     2  stm32f10x_it.o(.text)
    EXTI15_10_IRQHandler                     0x080008db   Thumb Code     2  stm32f10x_it.o(.text)
    KEY_Init                                 0x080008e9   Thumb Code   150  key.o(.text)
    KEY_Scan                                 0x0800097f   Thumb Code   304  key.o(.text)
    LED_GPIO_Config                          0x08000ac5   Thumb Code    76  led.o(.text)
    TIM2_NVIC_Configuration                  0x08000b19   Thumb Code    42  time_test.o(.text)
    TIM2_Configuration                       0x08000b43   Thumb Code   104  time_test.o(.text)
    RCC_DeInit                               0x08000bad   Thumb Code    64  stm32f10x_rcc.o(.text)
    RCC_HSEConfig                            0x08000bed   Thumb Code    70  stm32f10x_rcc.o(.text)
    RCC_GetFlagStatus                        0x08000c33   Thumb Code    56  stm32f10x_rcc.o(.text)
    RCC_WaitForHSEStartUp                    0x08000c6b   Thumb Code    56  stm32f10x_rcc.o(.text)
    RCC_AdjustHSICalibrationValue            0x08000ca3   Thumb Code    20  stm32f10x_rcc.o(.text)
    RCC_HSICmd                               0x08000cb7   Thumb Code     6  stm32f10x_rcc.o(.text)
    RCC_PLLConfig                            0x08000cbd   Thumb Code    24  stm32f10x_rcc.o(.text)
    RCC_PLLCmd                               0x08000cd5   Thumb Code     6  stm32f10x_rcc.o(.text)
    RCC_SYSCLKConfig                         0x08000cdb   Thumb Code    18  stm32f10x_rcc.o(.text)
    RCC_GetSYSCLKSource                      0x08000ced   Thumb Code    10  stm32f10x_rcc.o(.text)
    RCC_HCLKConfig                           0x08000cf7   Thumb Code    18  stm32f10x_rcc.o(.text)
    RCC_PCLK1Config                          0x08000d09   Thumb Code    18  stm32f10x_rcc.o(.text)
    RCC_PCLK2Config                          0x08000d1b   Thumb Code    20  stm32f10x_rcc.o(.text)
    RCC_ITConfig                             0x08000d2f   Thumb Code    26  stm32f10x_rcc.o(.text)
    RCC_USBCLKConfig                         0x08000d49   Thumb Code     8  stm32f10x_rcc.o(.text)
    RCC_ADCCLKConfig                         0x08000d51   Thumb Code    18  stm32f10x_rcc.o(.text)
    RCC_LSEConfig                            0x08000d63   Thumb Code    50  stm32f10x_rcc.o(.text)
    RCC_LSICmd                               0x08000d95   Thumb Code     6  stm32f10x_rcc.o(.text)
    RCC_RTCCLKConfig                         0x08000d9b   Thumb Code    12  stm32f10x_rcc.o(.text)
    RCC_RTCCLKCmd                            0x08000da7   Thumb Code     8  stm32f10x_rcc.o(.text)
    RCC_GetClocksFreq                        0x08000daf   Thumb Code   192  stm32f10x_rcc.o(.text)
    RCC_AHBPeriphClockCmd                    0x08000e6f   Thumb Code    26  stm32f10x_rcc.o(.text)
    RCC_APB2PeriphClockCmd                   0x08000e89   Thumb Code    26  stm32f10x_rcc.o(.text)
    RCC_APB1PeriphClockCmd                   0x08000ea3   Thumb Code    26  stm32f10x_rcc.o(.text)
    RCC_APB2PeriphResetCmd                   0x08000ebd   Thumb Code    26  stm32f10x_rcc.o(.text)
    RCC_APB1PeriphResetCmd                   0x08000ed7   Thumb Code    26  stm32f10x_rcc.o(.text)
    RCC_BackupResetCmd                       0x08000ef1   Thumb Code     8  stm32f10x_rcc.o(.text)
    RCC_ClockSecuritySystemCmd               0x08000ef9   Thumb Code     6  stm32f10x_rcc.o(.text)
    RCC_MCOConfig                            0x08000eff   Thumb Code     6  stm32f10x_rcc.o(.text)
    RCC_ClearFlag                            0x08000f05   Thumb Code    14  stm32f10x_rcc.o(.text)
    RCC_GetITStatus                          0x08000f13   Thumb Code    20  stm32f10x_rcc.o(.text)
    RCC_ClearITPendingBit                    0x08000f27   Thumb Code     6  stm32f10x_rcc.o(.text)
    GPIO_DeInit                              0x08000f51   Thumb Code   172  stm32f10x_gpio.o(.text)
    GPIO_AFIODeInit                          0x08000ffd   Thumb Code    20  stm32f10x_gpio.o(.text)
    GPIO_Init                                0x08001011   Thumb Code   278  stm32f10x_gpio.o(.text)
    GPIO_StructInit                          0x08001127   Thumb Code    16  stm32f10x_gpio.o(.text)
    GPIO_ReadInputDataBit                    0x08001137   Thumb Code    18  stm32f10x_gpio.o(.text)
    GPIO_ReadInputData                       0x08001149   Thumb Code     8  stm32f10x_gpio.o(.text)
    GPIO_ReadOutputDataBit                   0x08001151   Thumb Code    18  stm32f10x_gpio.o(.text)
    GPIO_ReadOutputData                      0x08001163   Thumb Code     8  stm32f10x_gpio.o(.text)
    GPIO_SetBits                             0x0800116b   Thumb Code     4  stm32f10x_gpio.o(.text)
    GPIO_ResetBits                           0x0800116f   Thumb Code     4  stm32f10x_gpio.o(.text)
    GPIO_WriteBit                            0x08001173   Thumb Code    10  stm32f10x_gpio.o(.text)
    GPIO_Write                               0x0800117d   Thumb Code     4  stm32f10x_gpio.o(.text)
    GPIO_PinLockConfig                       0x08001181   Thumb Code    18  stm32f10x_gpio.o(.text)
    GPIO_EventOutputConfig                   0x08001193   Thumb Code    26  stm32f10x_gpio.o(.text)
    GPIO_EventOutputCmd                      0x080011ad   Thumb Code     6  stm32f10x_gpio.o(.text)
    GPIO_PinRemapConfig                      0x080011b3   Thumb Code   138  stm32f10x_gpio.o(.text)
    GPIO_EXTILineConfig                      0x0800123d   Thumb Code    66  stm32f10x_gpio.o(.text)
    GPIO_ETH_MediaInterfaceConfig            0x0800127f   Thumb Code     8  stm32f10x_gpio.o(.text)
    USART_DeInit                             0x080012ad   Thumb Code   134  stm32f10x_usart.o(.text)
    USART_Init                               0x08001333   Thumb Code   210  stm32f10x_usart.o(.text)
    USART_StructInit                         0x08001405   Thumb Code    24  stm32f10x_usart.o(.text)
    USART_ClockInit                          0x0800141d   Thumb Code    34  stm32f10x_usart.o(.text)
    USART_ClockStructInit                    0x0800143f   Thumb Code    12  stm32f10x_usart.o(.text)
    USART_Cmd                                0x0800144b   Thumb Code    24  stm32f10x_usart.o(.text)
    USART_ITConfig                           0x08001463   Thumb Code    74  stm32f10x_usart.o(.text)
    USART_DMACmd                             0x080014ad   Thumb Code    18  stm32f10x_usart.o(.text)
    USART_SetAddress                         0x080014bf   Thumb Code    18  stm32f10x_usart.o(.text)
    USART_WakeUpConfig                       0x080014d1   Thumb Code    18  stm32f10x_usart.o(.text)
    USART_ReceiverWakeUpCmd                  0x080014e3   Thumb Code    24  stm32f10x_usart.o(.text)
    USART_LINBreakDetectLengthConfig         0x080014fb   Thumb Code    18  stm32f10x_usart.o(.text)
    USART_LINCmd                             0x0800150d   Thumb Code    24  stm32f10x_usart.o(.text)
    USART_SendData                           0x08001525   Thumb Code     8  stm32f10x_usart.o(.text)
    USART_ReceiveData                        0x0800152d   Thumb Code    10  stm32f10x_usart.o(.text)
    USART_SendBreak                          0x08001537   Thumb Code    10  stm32f10x_usart.o(.text)
    USART_SetGuardTime                       0x08001541   Thumb Code    16  stm32f10x_usart.o(.text)
    USART_SetPrescaler                       0x08001551   Thumb Code    16  stm32f10x_usart.o(.text)
    USART_SmartCardCmd                       0x08001561   Thumb Code    24  stm32f10x_usart.o(.text)
    USART_SmartCardNACKCmd                   0x08001579   Thumb Code    24  stm32f10x_usart.o(.text)
    USART_HalfDuplexCmd                      0x08001591   Thumb Code    24  stm32f10x_usart.o(.text)
    USART_OverSampling8Cmd                   0x080015a9   Thumb Code    22  stm32f10x_usart.o(.text)
    USART_OneBitMethodCmd                    0x080015bf   Thumb Code    24  stm32f10x_usart.o(.text)
    USART_IrDAConfig                         0x080015d7   Thumb Code    18  stm32f10x_usart.o(.text)
    USART_IrDACmd                            0x080015e9   Thumb Code    24  stm32f10x_usart.o(.text)
    USART_GetFlagStatus                      0x08001601   Thumb Code    26  stm32f10x_usart.o(.text)
    USART_ClearFlag                          0x0800161b   Thumb Code    18  stm32f10x_usart.o(.text)
    USART_GetITStatus                        0x0800162d   Thumb Code    84  stm32f10x_usart.o(.text)
    USART_ClearITPendingBit                  0x08001681   Thumb Code    52  stm32f10x_usart.o(.text)
    NVIC_PriorityGroupConfig                 0x080016b5   Thumb Code    10  misc.o(.text)
    NVIC_Init                                0x080016bf   Thumb Code   100  misc.o(.text)
    NVIC_SetVectorTable                      0x08001723   Thumb Code    14  misc.o(.text)
    NVIC_SystemLPConfig                      0x08001731   Thumb Code    34  misc.o(.text)
    SysTick_CLKSourceConfig                  0x08001753   Thumb Code    40  misc.o(.text)
    TIM_DeInit                               0x08001791   Thumb Code   424  stm32f10x_tim.o(.text)
    TIM_TimeBaseInit                         0x08001939   Thumb Code   122  stm32f10x_tim.o(.text)
    TIM_OC1Init                              0x080019b3   Thumb Code   132  stm32f10x_tim.o(.text)
    TIM_OC2Init                              0x08001a37   Thumb Code   154  stm32f10x_tim.o(.text)
    TIM_OC3Init                              0x08001ad1   Thumb Code   150  stm32f10x_tim.o(.text)
    TIM_OC4Init                              0x08001b67   Thumb Code   182  stm32f10x_tim.o(.text)
    TIM_SetIC4Prescaler                      0x08001c1d   Thumb Code    26  stm32f10x_tim.o(.text)
    TIM_SetIC3Prescaler                      0x08001cb9   Thumb Code    18  stm32f10x_tim.o(.text)
    TIM_SetIC2Prescaler                      0x08001d45   Thumb Code    26  stm32f10x_tim.o(.text)
    TIM_SetIC1Prescaler                      0x08001de1   Thumb Code    18  stm32f10x_tim.o(.text)
    TIM_ICInit                               0x08001e5f   Thumb Code   150  stm32f10x_tim.o(.text)
    TIM_PWMIConfig                           0x08001ef5   Thumb Code   124  stm32f10x_tim.o(.text)
    TIM_BDTRConfig                           0x08001f71   Thumb Code    32  stm32f10x_tim.o(.text)
    TIM_TimeBaseStructInit                   0x08001f91   Thumb Code    18  stm32f10x_tim.o(.text)
    TIM_OCStructInit                         0x08001fa3   Thumb Code    20  stm32f10x_tim.o(.text)
    TIM_ICStructInit                         0x08001fb7   Thumb Code    18  stm32f10x_tim.o(.text)
    TIM_BDTRStructInit                       0x08001fc9   Thumb Code    40  stm32f10x_tim.o(.text)
    TIM_Cmd                                  0x08001ff1   Thumb Code    24  stm32f10x_tim.o(.text)
    TIM_CtrlPWMOutputs                       0x08002009   Thumb Code    30  stm32f10x_tim.o(.text)
    TIM_ITConfig                             0x08002027   Thumb Code    18  stm32f10x_tim.o(.text)
    TIM_GenerateEvent                        0x08002039   Thumb Code     4  stm32f10x_tim.o(.text)
    TIM_DMAConfig                            0x0800203d   Thumb Code    10  stm32f10x_tim.o(.text)
    TIM_DMACmd                               0x08002047   Thumb Code    18  stm32f10x_tim.o(.text)
    TIM_InternalClockConfig                  0x08002059   Thumb Code    12  stm32f10x_tim.o(.text)
    TIM_SelectInputTrigger                   0x08002065   Thumb Code    18  stm32f10x_tim.o(.text)
    TIM_ITRxExternalClockConfig              0x08002077   Thumb Code    24  stm32f10x_tim.o(.text)
    TIM_TIxExternalClockConfig               0x0800208f   Thumb Code    62  stm32f10x_tim.o(.text)
    TIM_ETRConfig                            0x080020cd   Thumb Code    28  stm32f10x_tim.o(.text)
    TIM_ETRClockMode1Config                  0x080020e9   Thumb Code    54  stm32f10x_tim.o(.text)
    TIM_ETRClockMode2Config                  0x0800211f   Thumb Code    32  stm32f10x_tim.o(.text)
    TIM_PrescalerConfig                      0x0800213f   Thumb Code     6  stm32f10x_tim.o(.text)
    TIM_CounterModeConfig                    0x08002145   Thumb Code    18  stm32f10x_tim.o(.text)
    TIM_EncoderInterfaceConfig               0x08002157   Thumb Code    66  stm32f10x_tim.o(.text)
    TIM_ForcedOC1Config                      0x08002199   Thumb Code    18  stm32f10x_tim.o(.text)
    TIM_ForcedOC2Config                      0x080021ab   Thumb Code    26  stm32f10x_tim.o(.text)
    TIM_ForcedOC3Config                      0x080021c5   Thumb Code    18  stm32f10x_tim.o(.text)
    TIM_ForcedOC4Config                      0x080021d7   Thumb Code    26  stm32f10x_tim.o(.text)
    TIM_ARRPreloadConfig                     0x080021f1   Thumb Code    24  stm32f10x_tim.o(.text)
    TIM_SelectCOM                            0x08002209   Thumb Code    24  stm32f10x_tim.o(.text)
    TIM_SelectCCDMA                          0x08002221   Thumb Code    24  stm32f10x_tim.o(.text)
    TIM_CCPreloadControl                     0x08002239   Thumb Code    24  stm32f10x_tim.o(.text)
    TIM_OC1PreloadConfig                     0x08002251   Thumb Code    18  stm32f10x_tim.o(.text)
    TIM_OC2PreloadConfig                     0x08002263   Thumb Code    26  stm32f10x_tim.o(.text)
    TIM_OC3PreloadConfig                     0x0800227d   Thumb Code    18  stm32f10x_tim.o(.text)
    TIM_OC4PreloadConfig                     0x0800228f   Thumb Code    26  stm32f10x_tim.o(.text)
    TIM_OC1FastConfig                        0x080022a9   Thumb Code    18  stm32f10x_tim.o(.text)
    TIM_OC2FastConfig                        0x080022bb   Thumb Code    26  stm32f10x_tim.o(.text)
    TIM_OC3FastConfig                        0x080022d5   Thumb Code    18  stm32f10x_tim.o(.text)
    TIM_OC4FastConfig                        0x080022e7   Thumb Code    26  stm32f10x_tim.o(.text)
    TIM_ClearOC1Ref                          0x08002301   Thumb Code    18  stm32f10x_tim.o(.text)
    TIM_ClearOC2Ref                          0x08002313   Thumb Code    24  stm32f10x_tim.o(.text)
    TIM_ClearOC3Ref                          0x0800232b   Thumb Code    18  stm32f10x_tim.o(.text)
    TIM_ClearOC4Ref                          0x0800233d   Thumb Code    24  stm32f10x_tim.o(.text)
    TIM_OC1PolarityConfig                    0x08002355   Thumb Code    18  stm32f10x_tim.o(.text)
    TIM_OC1NPolarityConfig                   0x08002367   Thumb Code    18  stm32f10x_tim.o(.text)
    TIM_OC2PolarityConfig                    0x08002379   Thumb Code    26  stm32f10x_tim.o(.text)
    TIM_OC2NPolarityConfig                   0x08002393   Thumb Code    26  stm32f10x_tim.o(.text)
    TIM_OC3PolarityConfig                    0x080023ad   Thumb Code    26  stm32f10x_tim.o(.text)
    TIM_OC3NPolarityConfig                   0x080023c7   Thumb Code    26  stm32f10x_tim.o(.text)
    TIM_OC4PolarityConfig                    0x080023e1   Thumb Code    26  stm32f10x_tim.o(.text)
    TIM_CCxCmd                               0x080023fb   Thumb Code    30  stm32f10x_tim.o(.text)
    TIM_CCxNCmd                              0x08002419   Thumb Code    30  stm32f10x_tim.o(.text)
    TIM_SelectOCxM                           0x08002437   Thumb Code    82  stm32f10x_tim.o(.text)
    TIM_UpdateDisableConfig                  0x08002489   Thumb Code    24  stm32f10x_tim.o(.text)
    TIM_UpdateRequestConfig                  0x080024a1   Thumb Code    24  stm32f10x_tim.o(.text)
    TIM_SelectHallSensor                     0x080024b9   Thumb Code    24  stm32f10x_tim.o(.text)
    TIM_SelectOnePulseMode                   0x080024d1   Thumb Code    18  stm32f10x_tim.o(.text)
    TIM_SelectOutputTrigger                  0x080024e3   Thumb Code    18  stm32f10x_tim.o(.text)
    TIM_SelectSlaveMode                      0x080024f5   Thumb Code    18  stm32f10x_tim.o(.text)
    TIM_SelectMasterSlaveMode                0x08002507   Thumb Code    18  stm32f10x_tim.o(.text)
    TIM_SetCounter                           0x08002519   Thumb Code     4  stm32f10x_tim.o(.text)
    TIM_SetAutoreload                        0x0800251d   Thumb Code     4  stm32f10x_tim.o(.text)
    TIM_SetCompare1                          0x08002521   Thumb Code     4  stm32f10x_tim.o(.text)
    TIM_SetCompare2                          0x08002525   Thumb Code     4  stm32f10x_tim.o(.text)
    TIM_SetCompare3                          0x08002529   Thumb Code     4  stm32f10x_tim.o(.text)
    TIM_SetCompare4                          0x0800252d   Thumb Code     6  stm32f10x_tim.o(.text)
    TIM_SetClockDivision                     0x08002533   Thumb Code    18  stm32f10x_tim.o(.text)
    TIM_GetCapture1                          0x08002545   Thumb Code     6  stm32f10x_tim.o(.text)
    TIM_GetCapture2                          0x0800254b   Thumb Code     6  stm32f10x_tim.o(.text)
    TIM_GetCapture3                          0x08002551   Thumb Code     6  stm32f10x_tim.o(.text)
    TIM_GetCapture4                          0x08002557   Thumb Code     8  stm32f10x_tim.o(.text)
    TIM_GetCounter                           0x0800255f   Thumb Code     6  stm32f10x_tim.o(.text)
    TIM_GetPrescaler                         0x08002565   Thumb Code     6  stm32f10x_tim.o(.text)
    TIM_GetFlagStatus                        0x0800256b   Thumb Code    18  stm32f10x_tim.o(.text)
    TIM_ClearFlag                            0x0800257d   Thumb Code     6  stm32f10x_tim.o(.text)
    TIM_GetITStatus                          0x08002583   Thumb Code    34  stm32f10x_tim.o(.text)
    TIM_ClearITPendingBit                    0x080025a5   Thumb Code     6  stm32f10x_tim.o(.text)
    ADC_DeInit                               0x080025ad   Thumb Code    78  stm32f10x_adc.o(.text)
    ADC_Init                                 0x080025fb   Thumb Code    70  stm32f10x_adc.o(.text)
    ADC_StructInit                           0x08002641   Thumb Code    18  stm32f10x_adc.o(.text)
    ADC_Cmd                                  0x08002653   Thumb Code    22  stm32f10x_adc.o(.text)
    ADC_DMACmd                               0x08002669   Thumb Code    22  stm32f10x_adc.o(.text)
    ADC_ITConfig                             0x0800267f   Thumb Code    24  stm32f10x_adc.o(.text)
    ADC_ResetCalibration                     0x08002697   Thumb Code    10  stm32f10x_adc.o(.text)
    ADC_GetResetCalibrationStatus            0x080026a1   Thumb Code    20  stm32f10x_adc.o(.text)
    ADC_StartCalibration                     0x080026b5   Thumb Code    10  stm32f10x_adc.o(.text)
    ADC_GetCalibrationStatus                 0x080026bf   Thumb Code    20  stm32f10x_adc.o(.text)
    ADC_SoftwareStartConvCmd                 0x080026d3   Thumb Code    22  stm32f10x_adc.o(.text)
    ADC_GetSoftwareStartConvStatus           0x080026e9   Thumb Code    20  stm32f10x_adc.o(.text)
    ADC_DiscModeChannelCountConfig           0x080026fd   Thumb Code    24  stm32f10x_adc.o(.text)
    ADC_DiscModeCmd                          0x08002715   Thumb Code    22  stm32f10x_adc.o(.text)
    ADC_RegularChannelConfig                 0x0800272b   Thumb Code   184  stm32f10x_adc.o(.text)
    ADC_ExternalTrigConvCmd                  0x080027e3   Thumb Code    22  stm32f10x_adc.o(.text)
    ADC_GetConversionValue                   0x080027f9   Thumb Code     8  stm32f10x_adc.o(.text)
    ADC_GetDualModeConversionValue           0x08002801   Thumb Code     8  stm32f10x_adc.o(.text)
    ADC_AutoInjectedConvCmd                  0x08002809   Thumb Code    22  stm32f10x_adc.o(.text)
    ADC_InjectedDiscModeCmd                  0x0800281f   Thumb Code    22  stm32f10x_adc.o(.text)
    ADC_ExternalTrigInjectedConvConfig       0x08002835   Thumb Code    16  stm32f10x_adc.o(.text)
    ADC_ExternalTrigInjectedConvCmd          0x08002845   Thumb Code    22  stm32f10x_adc.o(.text)
    ADC_SoftwareStartInjectedConvCmd         0x0800285b   Thumb Code    22  stm32f10x_adc.o(.text)
    ADC_GetSoftwareStartInjectedConvCmdStatus 0x08002871   Thumb Code    20  stm32f10x_adc.o(.text)
    ADC_InjectedChannelConfig                0x08002885   Thumb Code   130  stm32f10x_adc.o(.text)
    ADC_InjectedSequencerLengthConfig        0x08002907   Thumb Code    24  stm32f10x_adc.o(.text)
    ADC_SetInjectedOffset                    0x0800291f   Thumb Code    20  stm32f10x_adc.o(.text)
    ADC_GetInjectedConversionValue           0x08002933   Thumb Code    28  stm32f10x_adc.o(.text)
    ADC_AnalogWatchdogCmd                    0x0800294f   Thumb Code    16  stm32f10x_adc.o(.text)
    ADC_AnalogWatchdogThresholdsConfig       0x0800295f   Thumb Code     6  stm32f10x_adc.o(.text)
    ADC_AnalogWatchdogSingleChannelConfig    0x08002965   Thumb Code    16  stm32f10x_adc.o(.text)
    ADC_TempSensorVrefintCmd                 0x08002975   Thumb Code    64  stm32f10x_adc.o(.text)
    ADC_GetFlagStatus                        0x080029b5   Thumb Code    18  stm32f10x_adc.o(.text)
    ADC_ClearFlag                            0x080029c7   Thumb Code     6  stm32f10x_adc.o(.text)
    ADC_GetITStatus                          0x080029cd   Thumb Code    36  stm32f10x_adc.o(.text)
    ADC_ClearITPendingBit                    0x080029f1   Thumb Code    10  stm32f10x_adc.o(.text)
    SystemInit                               0x08002adb   Thumb Code    78  system_stm32f10x.o(.text)
    SystemCoreClockUpdate                    0x08002b29   Thumb Code   142  system_stm32f10x.o(.text)
    hex_to_bcd                               0x08002bdd   Thumb Code   108  mcu_api.o(.text)
    my_strlen                                0x08002c49   Thumb Code    28  mcu_api.o(.text)
    my_memset                                0x08002c65   Thumb Code    34  mcu_api.o(.text)
    my_memcpy                                0x08002c87   Thumb Code    68  mcu_api.o(.text)
    my_strcpy                                0x08002ccb   Thumb Code    34  mcu_api.o(.text)
    my_strcmp                                0x08002ced   Thumb Code    32  mcu_api.o(.text)
    int_to_byte                              0x08002d0d   Thumb Code    16  mcu_api.o(.text)
    byte_to_int                              0x08002d1d   Thumb Code    26  mcu_api.o(.text)
    mcu_dp_raw_update                        0x08002d37   Thumb Code   112  mcu_api.o(.text)
    mcu_dp_bool_update                       0x08002da7   Thumb Code    96  mcu_api.o(.text)
    mcu_dp_value_update                      0x08002e07   Thumb Code   116  mcu_api.o(.text)
    mcu_dp_string_update                     0x08002e7b   Thumb Code   112  mcu_api.o(.text)
    mcu_dp_enum_update                       0x08002eeb   Thumb Code    82  mcu_api.o(.text)
    mcu_dp_fault_update                      0x08002f3d   Thumb Code   194  mcu_api.o(.text)
    mcu_get_dp_download_bool                 0x08002fff   Thumb Code     6  mcu_api.o(.text)
    mcu_get_dp_download_enum                 0x08003005   Thumb Code     6  mcu_api.o(.text)
    mcu_get_dp_download_value                0x0800300b   Thumb Code    14  mcu_api.o(.text)
    uart_receive_input                       0x08003019   Thumb Code    74  mcu_api.o(.text)
    wifi_uart_service                        0x08003063   Thumb Code   264  mcu_api.o(.text)
    wifi_protocol_init                       0x0800316b   Thumb Code    24  mcu_api.o(.text)
    mcu_get_reset_wifi_flag                  0x08003183   Thumb Code     6  mcu_api.o(.text)
    mcu_reset_wifi                           0x08003189   Thumb Code    20  mcu_api.o(.text)
    mcu_get_wifimode_flag                    0x0800319d   Thumb Code     6  mcu_api.o(.text)
    mcu_set_wifi_mode                        0x080031a3   Thumb Code    34  mcu_api.o(.text)
    mcu_get_wifi_work_state                  0x080031c5   Thumb Code     6  mcu_api.o(.text)
    mcu_start_wifitest                       0x080031cb   Thumb Code    14  mcu_api.o(.text)
    uart_transmit_output                     0x080031fd   Thumb Code    12  protocol.o(.text)
    all_data_update                          0x08003209   Thumb Code    36  protocol.o(.text)
    dp_download_handle                       0x080035d1   Thumb Code   322  protocol.o(.text)
    get_download_cmd_total                   0x08003713   Thumb Code     4  protocol.o(.text)
    wifi_test_result                         0x08003717   Thumb Code     8  protocol.o(.text)
    set_wifi_uart_byte                       0x08003721   Thumb Code    12  system.o(.text)
    set_wifi_uart_buffer                     0x0800372d   Thumb Code    34  system.o(.text)
    get_check_sum                            0x0800374f   Thumb Code    28  system.o(.text)
    wifi_uart_write_frame                    0x0800378f   Thumb Code    76  system.o(.text)
    data_handle                              0x08003927   Thumb Code   210  system.o(.text)
    with_data_rxbuff                         0x080039f9   Thumb Code    20  system.o(.text)
    take_byte_rxbuff                         0x08003a0d   Thumb Code    46  system.o(.text)
    Usart2_Init                              0x08003aa1   Thumb Code   178  usart2.o(.text)
    u2_printf                                0x08003b53   Thumb Code    84  usart2.o(.text)
    u2_TxData                                0x08003ba7   Thumb Code    52  usart2.o(.text)
    USART2_IRQHandler                        0x08003bdb   Thumb Code    30  usart2.o(.text)
    UART2_SendByte                           0x08003bf9   Thumb Code    22  usart2.o(.text)
    Usart3_Init                              0x08003c1d   Thumb Code   180  usart3.o(.text)
    u3_printf                                0x08003cd1   Thumb Code    84  usart3.o(.text)
    u3_TxData                                0x08003d25   Thumb Code    52  usart3.o(.text)
    USART3_IRQHandler                        0x08003d59   Thumb Code   150  usart3.o(.text)
    I2C_Configuration                        0x08003e0d   Thumb Code    64  i2c.o(.text)
    I2C_delay                                0x08003e4d   Thumb Code    14  i2c.o(.text)
    I2C_Start                                0x08003e5b   Thumb Code    78  i2c.o(.text)
    I2C_Stop                                 0x08003ea9   Thumb Code    52  i2c.o(.text)
    I2C_Ack                                  0x08003edd   Thumb Code    52  i2c.o(.text)
    I2C_NoAck                                0x08003f11   Thumb Code    52  i2c.o(.text)
    I2C_WaitAck                              0x08003f45   Thumb Code    72  i2c.o(.text)
    I2C_SendByte                             0x08003f8d   Thumb Code    84  i2c.o(.text)
    I2C_ReceiveByte                          0x08003fe1   Thumb Code    80  i2c.o(.text)
    Is_AQM_Init                              0x08004035   Thumb Code     8  is_aqm.o(.text)
    Is_AQM_D                                 0x0800403d   Thumb Code   108  is_aqm.o(.text)
    Is_AQM_D_out                             0x080040a9   Thumb Code   176  is_aqm.o(.text)
    Motor_IO_Init                            0x08004169   Thumb Code    68  motor.o(.text)
    Hand_Motor_Contrl                        0x080041ad   Thumb Code    68  motor.o(.text)
    Window_Motor_Contrl                      0x080041f1   Thumb Code    68  motor.o(.text)
    Adc_Init                                 0x08004235   Thumb Code   132  motor.o(.text)
    Get_Adc                                  0x080042b9   Thumb Code    46  motor.o(.text)
    Get_Adc_Average                          0x080042e7   Thumb Code    46  motor.o(.text)
    delay_init                               0x08004321   Thumb Code    24  delay.o(.text)
    delay_us                                 0x08004339   Thumb Code    72  delay.o(.text)
    delay_ms                                 0x08004381   Thumb Code    30  delay.o(.text)
    fputc                                    0x080043ad   Thumb Code    24  usart.o(.text)
    uart1_init                               0x080043c5   Thumb Code   152  usart.o(.text)
    USART1_IRQHandler                        0x0800445d   Thumb Code   122  usart.o(.text)
    strlen                                   0x080044e9   Thumb Code    14  strlen.o(.text)
    __aeabi_fdiv                             0x080044f7   Thumb Code   124  fdiv.o(.text)
    __aeabi_i2f                              0x08004573   Thumb Code    18  fflti.o(.text)
    __aeabi_f2iz                             0x08004585   Thumb Code    50  ffixi.o(.text)
    __aeabi_f2uiz                            0x080045b7   Thumb Code    40  ffixui.o(.text)
    __aeabi_uidiv                            0x080045df   Thumb Code     0  uidiv.o(.text)
    __aeabi_uidivmod                         0x080045df   Thumb Code    44  uidiv.o(.text)
    __aeabi_uldivmod                         0x0800460b   Thumb Code    98  uldiv.o(.text)
    __I$use$fp                               0x0800466d   Thumb Code     0  iusefp.o(.text)
    _float_round                             0x0800466d   Thumb Code    18  fepilogue.o(.text)
    _float_epilogue                          0x0800467f   Thumb Code    92  fepilogue.o(.text)
    __aeabi_dadd                             0x080046db   Thumb Code   322  dadd.o(.text)
    __aeabi_dsub                             0x0800481d   Thumb Code     6  dadd.o(.text)
    __aeabi_drsub                            0x08004823   Thumb Code     6  dadd.o(.text)
    __aeabi_dmul                             0x08004829   Thumb Code   228  dmul.o(.text)
    __aeabi_ddiv                             0x0800490d   Thumb Code   222  ddiv.o(.text)
    __aeabi_d2ulz                            0x080049eb   Thumb Code    48  dfixul.o(.text)
    __aeabi_cdrcmple                         0x08004a1d   Thumb Code    48  cdrcmple.o(.text)
    __scatterload                            0x08004a4d   Thumb Code    28  init.o(.text)
    __scatterload_rt2                        0x08004a4d   Thumb Code     0  init.o(.text)
    __aeabi_llsl                             0x08004a71   Thumb Code    30  llshl.o(.text)
    _ll_shift_l                              0x08004a71   Thumb Code     0  llshl.o(.text)
    __aeabi_llsr                             0x08004a8f   Thumb Code    32  llushr.o(.text)
    _ll_ushift_r                             0x08004a8f   Thumb Code     0  llushr.o(.text)
    __aeabi_lasr                             0x08004aaf   Thumb Code    36  llsshr.o(.text)
    _ll_sshift_r                             0x08004aaf   Thumb Code     0  llsshr.o(.text)
    _double_round                            0x08004ad3   Thumb Code    30  depilogue.o(.text)
    _double_epilogue                         0x08004af1   Thumb Code   156  depilogue.o(.text)
    __0printf                                0x08004b8d   Thumb Code    22  printfa.o(i.__0printf)
    __1printf                                0x08004b8d   Thumb Code     0  printfa.o(i.__0printf)
    __2printf                                0x08004b8d   Thumb Code     0  printfa.o(i.__0printf)
    __c89printf                              0x08004b8d   Thumb Code     0  printfa.o(i.__0printf)
    printf                                   0x08004b8d   Thumb Code     0  printfa.o(i.__0printf)
    __0vsprintf                              0x08004bad   Thumb Code    30  printfa.o(i.__0vsprintf)
    __1vsprintf                              0x08004bad   Thumb Code     0  printfa.o(i.__0vsprintf)
    __2vsprintf                              0x08004bad   Thumb Code     0  printfa.o(i.__0vsprintf)
    __c89vsprintf                            0x08004bad   Thumb Code     0  printfa.o(i.__0vsprintf)
    vsprintf                                 0x08004bad   Thumb Code     0  printfa.o(i.__0vsprintf)
    __scatterload_copy                       0x08004bd1   Thumb Code    14  handlers.o(i.__scatterload_copy)
    __scatterload_null                       0x08004bdf   Thumb Code     2  handlers.o(i.__scatterload_null)
    __scatterload_zeroinit                   0x08004be1   Thumb Code    14  handlers.o(i.__scatterload_zeroinit)
    download_cmd                             0x080054ac   Data          52  protocol.o(.constdata)
    Region$$Table$$Base                      0x08005560   Number         0  anon$$obj.o(Region$$Table)
    Region$$Table$$Limit                     0x08005580   Number         0  anon$$obj.o(Region$$Table)
    time_cnt                                 0x20000000   Data           4  main.o(.data)
    tt                                       0x20000004   Data           4  main.o(.data)
    key                                      0x20000008   Data           1  main.o(.data)
    Hand_AD                                  0x2000000a   Data           2  main.o(.data)
    Window_AD                                0x2000000c   Data           2  main.o(.data)
    PM2_5_HEX                                0x2000000f   Data           5  main.o(.data)
    Hand_AD_base                             0x20000014   Data           2  main.o(.data)
    Window_AD_base                           0x20000016   Data           2  main.o(.data)
    rst_cnt                                  0x20000018   Data           4  key.o(.data)
    SystemCoreClock                          0x20000034   Data           4  system_stm32f10x.o(.data)
    AHBPrescTable                            0x20000038   Data          16  system_stm32f10x.o(.data)
    rx_buf_in                                0x2000004c   Data           4  system.o(.data)
    rx_buf_out                               0x20000050   Data           4  system.o(.data)
    stop_update_flag                         0x20000054   Data           1  system.o(.data)
    reset_wifi_flag                          0x20000055   Data           1  system.o(.data)
    set_wifimode_flag                        0x20000056   Data           1  system.o(.data)
    wifi_work_state                          0x20000057   Data           1  system.o(.data)
    Usart3_RxCompleted                       0x2000005c   Data           1  usart3.o(.data)
    Usart3_RxCounter                         0x20000060   Data           4  usart3.o(.data)
    __stdout                                 0x20000068   Data           4  usart.o(.data)
    USART_RX_STA                             0x2000006c   Data           2  usart.o(.data)
    FlashBuffer                              0x20000070   Data          12  protocol.o(.bss)
    wifi_data_process_buf                    0x2000007c   Data          31  system.o(.bss)
    wifi_uart_rx_buf                         0x2000009b   Data          23  system.o(.bss)
    wifi_uart_tx_buf                         0x200000b2   Data          55  system.o(.bss)
    Usart2_RxBuff                            0x200000f0   Data        1024  usart2.o(.bss)
    USART2_TxBuff                            0x200004f0   Data        1024  usart2.o(.bss)
    Usart3_RxBuff                            0x200008f0   Data        1024  usart3.o(.bss)
    USART3_TxBuff                            0x20000cf0   Data        1024  usart3.o(.bss)
    LCD_str                                  0x200010f0   Data          10  usart3.o(.bss)
    Is_AQM                                   0x2000110c   Data          16  is_aqm.o(.bss)
    USART_RX_BUF                             0x2000111c   Data         200  usart.o(.bss)
    __initial_sp                             0x200015e8   Data           0  startup_stm32f10x_hd.o(STACK)



==============================================================================

Memory Map of the image

  Image Entry point : 0x08000131

  Load Region LR_IROM1 (Base: 0x08000000, Size: 0x000055f0, Max: 0x00010000, ABSOLUTE)

    Execution Region ER_IROM1 (Exec base: 0x08000000, Load base: 0x08000000, Size: 0x00005580, Max: 0x00010000, ABSOLUTE)

    Exec Addr    Load Addr    Size         Type   Attr      Idx    E Section Name        Object

    0x08000000   0x08000000   0x00000130   Data   RO            3    RESET               startup_stm32f10x_hd.o
    0x08000130   0x08000130   0x00000000   Code   RO          506  * .ARM.Collect$$$$00000000  mc_w.l(entry.o)
    0x08000130   0x08000130   0x00000004   Code   RO          780    .ARM.Collect$$$$00000001  mc_w.l(entry2.o)
    0x08000134   0x08000134   0x00000004   Code   RO          783    .ARM.Collect$$$$00000004  mc_w.l(entry5.o)
    0x08000138   0x08000138   0x00000000   Code   RO          785    .ARM.Collect$$$$00000008  mc_w.l(entry7b.o)
    0x08000138   0x08000138   0x00000000   Code   RO          787    .ARM.Collect$$$$0000000A  mc_w.l(entry8b.o)
    0x08000138   0x08000138   0x00000008   Code   RO          788    .ARM.Collect$$$$0000000B  mc_w.l(entry9a.o)
    0x08000140   0x08000140   0x00000000   Code   RO          790    .ARM.Collect$$$$0000000D  mc_w.l(entry10a.o)
    0x08000140   0x08000140   0x00000000   Code   RO          792    .ARM.Collect$$$$0000000F  mc_w.l(entry11a.o)
    0x08000140   0x08000140   0x00000004   Code   RO          781    .ARM.Collect$$$$00002712  mc_w.l(entry2.o)
    0x08000144   0x08000144   0x00000024   Code   RO            4    .text               startup_stm32f10x_hd.o
    0x08000168   0x08000168   0x000006e8   Code   RO           10    .text               main.o
    0x08000850   0x08000850   0x00000098   Code   RO          132    .text               stm32f10x_it.o
    0x080008e8   0x080008e8   0x000001dc   Code   RO          149    .text               key.o
    0x08000ac4   0x08000ac4   0x00000054   Code   RO          164    .text               led.o
    0x08000b18   0x08000b18   0x00000092   Code   RO          176    .text               time_test.o
    0x08000baa   0x08000baa   0x00000002   PAD
    0x08000bac   0x08000bac   0x000003a4   Code   RO          188    .text               stm32f10x_rcc.o
    0x08000f50   0x08000f50   0x0000035c   Code   RO          202    .text               stm32f10x_gpio.o
    0x080012ac   0x080012ac   0x00000408   Code   RO          214    .text               stm32f10x_usart.o
    0x080016b4   0x080016b4   0x000000dc   Code   RO          226    .text               misc.o
    0x08001790   0x08001790   0x00000e1a   Code   RO          250    .text               stm32f10x_tim.o
    0x080025aa   0x080025aa   0x00000002   PAD
    0x080025ac   0x080025ac   0x0000044e   Code   RO          262    .text               stm32f10x_adc.o
    0x080029fa   0x080029fa   0x00000002   PAD
    0x080029fc   0x080029fc   0x000001e0   Code   RO          284    .text               system_stm32f10x.o
    0x08002bdc   0x08002bdc   0x00000620   Code   RO          302    .text               mcu_api.o
    0x080031fc   0x080031fc   0x00000522   Code   RO          322    .text               protocol.o
    0x0800371e   0x0800371e   0x00000002   PAD
    0x08003720   0x08003720   0x00000380   Code   RO          344    .text               system.o
    0x08003aa0   0x08003aa0   0x0000017c   Code   RO          368    .text               usart2.o
    0x08003c1c   0x08003c1c   0x000001f0   Code   RO          387    .text               usart3.o
    0x08003e0c   0x08003e0c   0x00000228   Code   RO          410    .text               i2c.o
    0x08004034   0x08004034   0x00000134   Code   RO          422    .text               is_aqm.o
    0x08004168   0x08004168   0x000001b8   Code   RO          441    .text               motor.o
    0x08004320   0x08004320   0x0000008c   Code   RO          453    .text               delay.o
    0x080043ac   0x080043ac   0x0000013c   Code   RO          483    .text               usart.o
    0x080044e8   0x080044e8   0x0000000e   Code   RO          509    .text               mc_w.l(strlen.o)
    0x080044f6   0x080044f6   0x0000007c   Code   RO          772    .text               mf_w.l(fdiv.o)
    0x08004572   0x08004572   0x00000012   Code   RO          774    .text               mf_w.l(fflti.o)
    0x08004584   0x08004584   0x00000032   Code   RO          776    .text               mf_w.l(ffixi.o)
    0x080045b6   0x080045b6   0x00000028   Code   RO          778    .text               mf_w.l(ffixui.o)
    0x080045de   0x080045de   0x0000002c   Code   RO          794    .text               mc_w.l(uidiv.o)
    0x0800460a   0x0800460a   0x00000062   Code   RO          796    .text               mc_w.l(uldiv.o)
    0x0800466c   0x0800466c   0x00000000   Code   RO          798    .text               mc_w.l(iusefp.o)
    0x0800466c   0x0800466c   0x0000006e   Code   RO          799    .text               mf_w.l(fepilogue.o)
    0x080046da   0x080046da   0x0000014e   Code   RO          801    .text               mf_w.l(dadd.o)
    0x08004828   0x08004828   0x000000e4   Code   RO          803    .text               mf_w.l(dmul.o)
    0x0800490c   0x0800490c   0x000000de   Code   RO          805    .text               mf_w.l(ddiv.o)
    0x080049ea   0x080049ea   0x00000030   Code   RO          807    .text               mf_w.l(dfixul.o)
    0x08004a1a   0x08004a1a   0x00000002   PAD
    0x08004a1c   0x08004a1c   0x00000030   Code   RO          809    .text               mf_w.l(cdrcmple.o)
    0x08004a4c   0x08004a4c   0x00000024   Code   RO          811    .text               mc_w.l(init.o)
    0x08004a70   0x08004a70   0x0000001e   Code   RO          813    .text               mc_w.l(llshl.o)
    0x08004a8e   0x08004a8e   0x00000020   Code   RO          815    .text               mc_w.l(llushr.o)
    0x08004aae   0x08004aae   0x00000024   Code   RO          817    .text               mc_w.l(llsshr.o)
    0x08004ad2   0x08004ad2   0x000000ba   Code   RO          819    .text               mf_w.l(depilogue.o)
    0x08004b8c   0x08004b8c   0x00000020   Code   RO          744    i.__0printf         mc_w.l(printfa.o)
    0x08004bac   0x08004bac   0x00000024   Code   RO          750    i.__0vsprintf       mc_w.l(printfa.o)
    0x08004bd0   0x08004bd0   0x0000000e   Code   RO          823    i.__scatterload_copy  mc_w.l(handlers.o)
    0x08004bde   0x08004bde   0x00000002   Code   RO          824    i.__scatterload_null  mc_w.l(handlers.o)
    0x08004be0   0x08004be0   0x0000000e   Code   RO          825    i.__scatterload_zeroinit  mc_w.l(handlers.o)
    0x08004bee   0x08004bee   0x00000002   PAD
    0x08004bf0   0x08004bf0   0x00000184   Code   RO          751    i._fp_digits        mc_w.l(printfa.o)
    0x08004d74   0x08004d74   0x000006dc   Code   RO          752    i._printf_core      mc_w.l(printfa.o)
    0x08005450   0x08005450   0x00000024   Code   RO          753    i._printf_post_padding  mc_w.l(printfa.o)
    0x08005474   0x08005474   0x0000002e   Code   RO          754    i._printf_pre_padding  mc_w.l(printfa.o)
    0x080054a2   0x080054a2   0x0000000a   Code   RO          756    i._sputc            mc_w.l(printfa.o)
    0x080054ac   0x080054ac   0x00000034   Data   RO          324    .constdata          protocol.o
    0x080054e0   0x080054e0   0x0000007d   Data   RO           11    .conststring        main.o
    0x0800555d   0x0800555d   0x00000003   PAD
    0x08005560   0x08005560   0x00000020   Data   RO          821    Region$$Table       anon$$obj.o


    Execution Region RW_IRAM1 (Exec base: 0x20000000, Load base: 0x08005580, Size: 0x000015e8, Max: 0x00005000, ABSOLUTE)

    Exec Addr    Load Addr    Size         Type   Attr      Idx    E Section Name        Object

    0x20000000   0x08005580   0x00000018   Data   RW           12    .data               main.o
    0x20000018   0x08005598   0x00000005   Data   RW          150    .data               key.o
    0x2000001d   0x0800559d   0x00000014   Data   RW          189    .data               stm32f10x_rcc.o
    0x20000031   0x080055b1   0x00000003   PAD
    0x20000034   0x080055b4   0x00000014   Data   RW          285    .data               system_stm32f10x.o
    0x20000048   0x080055c8   0x00000002   Data   RW          303    .data               mcu_api.o
    0x2000004a   0x080055ca   0x00000002   PAD
    0x2000004c   0x080055cc   0x0000000d   Data   RW          346    .data               system.o
    0x20000059   0x080055d9   0x00000003   PAD
    0x2000005c   0x080055dc   0x00000008   Data   RW          389    .data               usart3.o
    0x20000064   0x080055e4   0x00000001   Data   RW          454    .data               delay.o
    0x20000065   0x080055e5   0x00000003   PAD
    0x20000068   0x080055e8   0x00000006   Data   RW          485    .data               usart.o
    0x2000006e   0x080055ee   0x00000002   PAD
    0x20000070        -       0x0000000c   Zero   RW          323    .bss                protocol.o
    0x2000007c        -       0x0000006d   Zero   RW          345    .bss                system.o
    0x200000e9   0x080055ee   0x00000007   PAD
    0x200000f0        -       0x00000800   Zero   RW          369    .bss                usart2.o
    0x200008f0        -       0x0000080a   Zero   RW          388    .bss                usart3.o
    0x200010fa   0x080055ee   0x00000002   PAD
    0x200010fc        -       0x00000020   Zero   RW          423    .bss                is_aqm.o
    0x2000111c        -       0x000000c8   Zero   RW          484    .bss                usart.o
    0x200011e4   0x080055ee   0x00000004   PAD
    0x200011e8        -       0x00000400   Zero   RW            1    STACK               startup_stm32f10x_hd.o


==============================================================================

Image component sizes


      Code (inc. data)   RO Data    RW Data    ZI Data      Debug   Object Name

       140         14          0          1          0       1035   delay.o
       552          4          0          0          0       2012   i2c.o
       308         16          0          0         32       1729   is_aqm.o
       476         22          0          5          0       1582   key.o
        84          8          0          0          0        486   led.o
      1768        450        125         24          0     266320   main.o
      1568         60          0          2          0       7294   mcu_api.o
       220         22          0          0          0       1889   misc.o
       440         12          0          0          0       1735   motor.o
      1314         96         52          0         12       9449   protocol.o
        36          8        304          0       1024        852   startup_stm32f10x_hd.o
      1102         26          0          0          0      11133   stm32f10x_adc.o
       860         38          0          0          0       5825   stm32f10x_gpio.o
       152         12          0          0          0       1543   stm32f10x_it.o
       932         36          0         20          0       9004   stm32f10x_rcc.o
      3610         88          0          0          0      22936   stm32f10x_tim.o
      1032         22          0          0          0       8548   stm32f10x_usart.o
       896        118          0         13        109       5814   system.o
       480         38          0         20          0       1939   system_stm32f10x.o
       146          0          0          0          0        713   time_test.o
       316         18          0          6        200       3157   usart.o
       380         14          0          0       2048       2753   usart2.o
       496         30          0          8       2058       2750   usart3.o

    ----------------------------------------------------------------------
     17316       1152        516        112       5496     370498   Object Totals
         0          0         32          0          0          0   (incl. Generated)
         8          0          3         13         13          0   (incl. Padding)

    ----------------------------------------------------------------------

      Code (inc. data)   RO Data    RW Data    ZI Data      Debug   Library Member Name

         0          0          0          0          0          0   entry.o
         0          0          0          0          0          0   entry10a.o
         0          0          0          0          0          0   entry11a.o
         8          4          0          0          0          0   entry2.o
         4          0          0          0          0          0   entry5.o
         0          0          0          0          0          0   entry7b.o
         0          0          0          0          0          0   entry8b.o
         8          4          0          0          0          0   entry9a.o
        30          0          0          0          0          0   handlers.o
        36          8          0          0          0         68   init.o
         0          0          0          0          0          0   iusefp.o
        30          0          0          0          0         68   llshl.o
        36          0          0          0          0         68   llsshr.o
        32          0          0          0          0         68   llushr.o
      2304         96          0          0          0        600   printfa.o
        14          0          0          0          0         68   strlen.o
        44          0          0          0          0         80   uidiv.o
        98          0          0          0          0         92   uldiv.o
        48          0          0          0          0         68   cdrcmple.o
       334          0          0          0          0        148   dadd.o
       222          0          0          0          0        100   ddiv.o
       186          0          0          0          0        176   depilogue.o
        48          0          0          0          0         68   dfixul.o
       228          0          0          0          0         96   dmul.o
       124          0          0          0          0         88   fdiv.o
       110          0          0          0          0        168   fepilogue.o
        50          0          0          0          0         68   ffixi.o
        40          0          0          0          0         68   ffixui.o
        18          0          0          0          0         68   fflti.o

    ----------------------------------------------------------------------
      4056        112          0          0          0       2228   Library Totals
         4          0          0          0          0          0   (incl. Padding)

    ----------------------------------------------------------------------

      Code (inc. data)   RO Data    RW Data    ZI Data      Debug   Library Name

      2644        112          0          0          0       1112   mc_w.l
      1408          0          0          0          0       1116   mf_w.l

    ----------------------------------------------------------------------
      4056        112          0          0          0       2228   Library Totals

    ----------------------------------------------------------------------

==============================================================================


      Code (inc. data)   RO Data    RW Data    ZI Data      Debug   

     21372       1264        516        112       5496     369602   Grand Totals
     21372       1264        516        112       5496     369602   ELF Image Totals
     21372       1264        516        112          0          0   ROM Totals

==============================================================================

    Total RO  Size (Code + RO Data)                21888 (  21.38kB)
    Total RW  Size (RW Data + ZI Data)              5608 (   5.48kB)
    Total ROM Size (Code + RO Data + RW Data)      22000 (  21.48kB)

==============================================================================

